L2 F1: 84.816%  FAIL
L2 F2: 0%
L2 F3: 0%
L2 F4: 0%
L2 F5: 0%
L2 F6: 0%
L2 F7: 0%
L2 F8: 0%
L2 F9: 0%
L2 F10: 0%
L2 F11: 0%
L2 F12: 0%
L2 F13: 0%
L2 F14: 0%
L2 F15: 0%
L2 F16: 0%
L5 F1: 0.013%
L5 F2: 0%
L5 F3: 0%
L5 F4: 0%
L5 F5: 0%
L5 F6: 0%
L5 F7: 0%
L5 F8: 0%
L5 F9: 0%
L5 F10: 0%
L5 F11: 0%
L5 F12: 0%
L5 F13: 0%
L5 F14: 0%
L5 F15: 0%
L7 F1: 0%
L7 F2: 0%
L7 F3: 0%
L7 F4: 0%
L7 F5: 0%
L7 F6: 0%
L7 F7: 0.001%
L7 F8: 0%
L7 F9: 0%
L7 F10: 0%
L7 F11: 0%
L7 F12: 0%
L7 F13: 0%
L7 F14: 0%
L7 F15: 0%
L7 F16: 0%
L10 F1: 0.017%
L10 F2: 0%
L10 F3: 0%
L10 F4: 0%
L10 F5: 0%
L10 F6: 0%
L10 F7: 0%
L10 F8: 0%
L10 F9: 0%
L10 F10: 0%
L10 F11: 0%
L10 F12: 0%
L10 F13: 0%
L10 F14: 91.515%  FAIL
L10 F15: 0%
L10 F16: 0%
L16 F1: 0%
L16 F2: 0%
L16 F3: 0%
L16 F4: 0%
L16 F5: 0%
L16 F6: 0%
L16 F7: 0%
L16 F8: 0%
L16 F9: 0%
L16 F10: 0%
L16 F11: 0%
L16 F12: 0%
L16 F13: 0%
L16 F14: 0%
L16 F15: 0%
L16 F16: 0%
L22 F1: 0.011%
L22 F2: 0%
L22 F3: 0%
L22 F4: 0%
L22 F5: 0%
L22 F6: 0%
L22 F7: 0%
L22 F8: 0%
L22 F9: 0%
L22 F10: 0%
L22 F11: 0%
L22 F12: 0%
L22 F13: 0%
L22 F14: 0.004%
L22 F15: 0%
L22 F16: 0%
L35 F1: 0.017%
L35 F2: 0%
L35 F3: 0%
L35 F4: 0%
L35 F5: 0.001%
L35 F6: 0%
L35 F7: 0%
L35 F8: 0.002%
L35 F9: 0%
L35 F10: 0%
L35 F11: 0%
L35 F12: 0%
L35 F13: 0%
L35 F14: 0%
L35 F15: 0.002%
L35 F16: 0%
L35 F17: 0%
L41 F1: 0%
L41 F2: 0%
L41 F3: 0%
L41 F4: 0%
L41 F5: 0%
L41 F6: 0%
L41 F7: 6.868%  FAIL
L41 F8: 14.73%  FAIL
L41 F9: 4.659%  FAIL
L41 F10: 4.827%  FAIL
L41 F11: 4.398%  FAIL
L41 F12: 11.75%  FAIL
L41 F13: 11.021%  FAIL
L41 F14: 4.481%  FAIL
L41 F15: 11.418%  FAIL
L41 F16: 11.34%  FAIL
L41 F17: 12.316%  FAIL
L44 F1: 16.292%  FAIL
L44 F2: 4.177%  FAIL
L44 F3: 4.928%  FAIL
L44 F4: 4.994%  FAIL
L44 F5: 7.903%  FAIL
L44 F6: 5.686%  FAIL
L44 F7: 4.912%  FAIL
L44 F8: 4.974%  FAIL
L44 F9: 5.135%  FAIL
L44 F10: 11.713%  FAIL
L44 F11: 5.495%  FAIL
L44 F12: 12.308%  FAIL
L44 F13: 11.346%  FAIL
L44 F14: 5.439%  FAIL
L44 F15: 12.181%  FAIL
L44 F16: 11.19%  FAIL
L44 F17: 12.318%  FAIL
L54 F1: 13.439%  FAIL
L54 F2: 4.129%  FAIL
L54 F3: 5.234%  FAIL
L54 F4: 4.882%  FAIL
L54 F5: 8.283%  FAIL
L54 F6: 5.233%  FAIL
L54 F7: 5.32%  FAIL
L54 F8: 5.782%  FAIL
L54 F9: 10.37%  FAIL
L54 F10: 4.928%  FAIL
L54 F11: 11.525%  FAIL
L54 F12: 10.417%  FAIL
L54 F13: 4.14%  FAIL
L54 F14: 8.606%  FAIL
L54 F15: 12.018%  FAIL
L54 F16: 12.318%  FAIL
node:internal/modules/run_main:107
    triggerUncaughtException(
    ^

page.waitForTimeout: Target page, context or browser has been closed
    at /Users/admin/Documents/Vici/scripts/overhaul/lesson-sweep.mjs:121:16 {
  log: []
}

Node.js v25.8.1
