PASS Loc board ✕ closes the flow :: /today :: Good evening. 36 Su Mo 5 Tu 6 We 7 Th 8 Fr 9 Sa 10 Recovery score 1,167 4 30 day
PASS Loc board Continue → Move I :: Move I of 3 Stand up. Both feet on the floor. The wave loses its grip the moment
PASS Loc Elsewhere Done → Move I :: Move I of 3 Stand up. Both feet on the floor. The wave loses its grip the moment
PASS Trig board Continue → feeling picker :: What’s underneath it? Select all that apply. Turned on Bored Lonely Stressed or 
PASS Trig Unknown Done → feeling picker :: What’s underneath it? Select all that apply. Turned on Bored Lonely Stressed or 
FAIL Trig board has no back control :: page.evaluate: Error: never saw "Close it." :: Week VI post The post is in. A short letter from VICI — two minutes, worth keeping. Read Tonight
    at window.waitFor (eval at evaluate (:311:30), <anonymous>:37:9)
    at async eval (eval at evaluate (:311:30), <anonymous>:1:16)
    at async <anonymou
PASS Feel board Done → reassess :: Where is the urge now? Rate it again from 1–5. 1 2 3 4 5 Noticeable Coming down 
PASS Feel rotation Turned On → Bored → Lonely :: ok
PASS Challenge reached by rotation from Unknown; back → feeling picker :: back ok
PASS Challenge Give me another wraps to Let it pass. :: wrap ok
PASS Challenge Done → reassess :: ok
PASS Challenge ✕ closes :: /today
PASS Rough days renders + 7 rows :: Rough days The universal interrupt The First 90 Seconds Two quick questions, six moves that fit the answer. What today feels like Loneliness Anxiety Stress Boredom Late night Home alone An argument
PASS Rough days row Loneliness → protocol :: /rough-protocol?key=loneliness
PASS Rough days row An argument → protocol :: /rough-protocol?key=argument
PASS Rough days row Home alone → protocol :: /rough-protocol?key=homealone
PASS Rough days card → First 90 seconds flow :: /rough-first90 :: The interrupt The first 90 seconds. A universal interrupt for the moment the wave hits. Six small mo
PASS Rough days back (fresh load) :: /today :: Good evening. 36 Su Mo 5 Tu 6 We 7 Th 8 Fr 9 Sa 10 Recovery score 1,167 4 30 day
PASS Protocol stepping I→II→I→II→III→Done closes :: /rough-days
PASS Protocol Not tonight closes to shelf :: /rough-days
PASS Protocol ✕ closes to shelf :: /rough-days
PASS Protocol fresh-load ✕ → /rough-days :: /rough-days :: Rough days The universal interrupt The First 90 Seconds Two 
PASS ?key=lonely → Loneliness :: ok
PASS ?key=zzz → first protocol :: ok
PASS no key → first protocol :: ok
PASS /rough-first90 renders flow :: The interrupt The first 90 seconds. A universal interrupt for the moment the wave hits. Six small mo
