Week I Reset: --- 56 design rows, 104 app rows; 28 differing, 0 missing, 43 extra, 1 sub-0.25pt rounding, 11 radius-notation only (D015), 17 paint-absent-geometry-exact (CSS box drawn as SVG — CONFIRM IN THE PNG) (use --all to list extras)
Week I Reset P2: --- 48 design rows, 107 app rows; 25 differing, 0 missing, 54 extra, 1 sub-0.25pt rounding, 8 radius-notation only (D015), 17 paint-absent-geometry-exact (CSS box drawn as SVG — CONFIRM IN THE PNG) (use --all to list extras)
Week II Changing Your Mindset: --- 53 design rows, 103 app rows; 25 differing, 0 missing, 45 extra, 1 sub-0.25pt rounding, 11 radius-notation only (D015), 14 paint-absent-geometry-exact (CSS box drawn as SVG — CONFIRM IN THE PNG) (use --all to list extras)
Week II Changing Your Mindset P2: --- 47 design rows, 103 app rows; 22 differing, 0 missing, 51 extra, 1 sub-0.25pt rounding, 8 radius-notation only (D015), 14 paint-absent-geometry-exact (CSS box drawn as SVG — CONFIRM IN THE PNG) (use --all to list extras)
Week III In the Moment: --- 57 design rows, 108 app rows; 25 differing, 0 missing, 46 extra, 1 sub-0.25pt rounding, 11 radius-notation only (D015), 14 paint-absent-geometry-exact (CSS box drawn as SVG — CONFIRM IN THE PNG) (use --all to list extras)
Week III In the Moment P2: --- 48 design rows, 108 app rows; 22 differing, 0 missing, 55 extra, 1 sub-0.25pt rounding, 8 radius-notation only (D015), 14 paint-absent-geometry-exact (CSS box drawn as SVG — CONFIRM IN THE PNG) (use --all to list extras)
Week IV Know Your Brain: --- 54 design rows, 105 app rows; 22 differing, 0 missing, 46 extra, 1 sub-0.25pt rounding, 12 radius-notation only (D015), 10 paint-absent-geometry-exact (CSS box drawn as SVG — CONFIRM IN THE PNG) (use --all to list extras)
Week IV Know Your Brain P2: --- 45 design rows, 105 app rows; 19 differing, 0 missing, 55 extra, 1 sub-0.25pt rounding, 9 radius-notation only (D015), 10 paint-absent-geometry-exact (CSS box drawn as SVG — CONFIRM IN THE PNG) (use --all to list extras)
Week V Why It Feels Worth It: --- 53 design rows, 104 app rows; 21 differing, 0 missing, 46 extra, 1 sub-0.25pt rounding, 11 radius-notation only (D015), 10 paint-absent-geometry-exact (CSS box drawn as SVG — CONFIRM IN THE PNG) (use --all to list extras)
Week V Why It Feels Worth It P2: --- 44 design rows, 104 app rows; 18 differing, 0 missing, 55 extra, 1 sub-0.25pt rounding, 8 radius-notation only (D015), 10 paint-absent-geometry-exact (CSS box drawn as SVG — CONFIRM IN THE PNG) (use --all to list extras)
Week VI Discipline: --- 55 design rows, 106 app rows; 22 differing, 0 missing, 46 extra, 1 sub-0.25pt rounding, 11 radius-notation only (D015), 11 paint-absent-geometry-exact (CSS box drawn as SVG — CONFIRM IN THE PNG) (use --all to list extras)
Week VI Discipline P2: --- 46 design rows, 106 app rows; 19 differing, 0 missing, 55 extra, 1 sub-0.25pt rounding, 8 radius-notation only (D015), 11 paint-absent-geometry-exact (CSS box drawn as SVG — CONFIRM IN THE PNG) (use --all to list extras)
Week VII Relapse and Adversity: --- 62 design rows, 114 app rows; 30 differing, 0 missing, 47 extra, 1 sub-0.25pt rounding, 11 radius-notation only (D015), 19 paint-absent-geometry-exact (CSS box drawn as SVG — CONFIRM IN THE PNG) (use --all to list extras)
Week VII Relapse and Adversity P2: --- 53 design rows, 114 app rows; 27 differing, 0 missing, 56 extra, 1 sub-0.25pt rounding, 8 radius-notation only (D015), 19 paint-absent-geometry-exact (CSS box drawn as SVG — CONFIRM IN THE PNG) (use --all to list extras)
Week VIII Boredom and Meaning: --- 61 design rows, 112 app rows; 27 differing, 1 missing, 47 extra, 3 sub-0.25pt rounding, 11 radius-notation only (D015), 16 paint-absent-geometry-exact (CSS box drawn as SVG — CONFIRM IN THE PNG) (use --all to list extras)
Week VIII Boredom and Meaning P2: --- 52 design rows, 112 app rows; 24 differing, 1 missing, 56 extra, 3 sub-0.25pt rounding, 8 radius-notation only (D015), 16 paint-absent-geometry-exact (CSS box drawn as SVG — CONFIRM IN THE PNG) (use --all to list extras)
Week IX Connection: --- 61 design rows, 112 app rows; 25 differing, 2 missing, 46 extra, 4 sub-0.25pt rounding, 11 radius-notation only (D015), 14 paint-absent-geometry-exact (CSS box drawn as SVG — CONFIRM IN THE PNG) (use --all to list extras)
Week IX Connection P2: --- 52 design rows, 112 app rows; 22 differing, 2 missing, 55 extra, 4 sub-0.25pt rounding, 8 radius-notation only (D015), 14 paint-absent-geometry-exact (CSS box drawn as SVG — CONFIRM IN THE PNG) (use --all to list extras)
Week X Yourself: --- 56 design rows, 107 app rows; 24 differing, 0 missing, 46 extra, 1 sub-0.25pt rounding, 11 radius-notation only (D015), 13 paint-absent-geometry-exact (CSS box drawn as SVG — CONFIRM IN THE PNG) (use --all to list extras)
Week X Yourself P2: --- 47 design rows, 107 app rows; 21 differing, 0 missing, 55 extra, 1 sub-0.25pt rounding, 8 radius-notation only (D015), 13 paint-absent-geometry-exact (CSS box drawn as SVG — CONFIRM IN THE PNG) (use --all to list extras)
Week XI Build a Life You Want: --- 56 design rows, 107 app rows; 24 differing, 0 missing, 46 extra, 3 sub-0.25pt rounding, 11 radius-notation only (D015), 13 paint-absent-geometry-exact (CSS box drawn as SVG — CONFIRM IN THE PNG) (use --all to list extras)
Week XI Build a Life You Want P2: --- 47 design rows, 107 app rows; 21 differing, 0 missing, 55 extra, 3 sub-0.25pt rounding, 8 radius-notation only (D015), 13 paint-absent-geometry-exact (CSS box drawn as SVG — CONFIRM IN THE PNG) (use --all to list extras)
Week XII Leave It Behind: --- 61 design rows, 113 app rows; 25 differing, 2 missing, 47 extra, 1 sub-0.25pt rounding, 11 radius-notation only (D015), 14 paint-absent-geometry-exact (CSS box drawn as SVG — CONFIRM IN THE PNG) (use --all to list extras)
Week XII Leave It Behind P2: --- 52 design rows, 113 app rows; 22 differing, 2 missing, 56 extra, 1 sub-0.25pt rounding, 8 radius-notation only (D015), 14 paint-absent-geometry-exact (CSS box drawn as SVG — CONFIRM IN THE PNG) (use --all to list extras)

24 frames — clean 18, differing 6, unreachable 0, capture failed 0, no recipe 0
