Log Chooser: shot -> .overhaul/verify/logs/a-Log-Chooser-375.png
Lapse When: shot -> .overhaul/verify/logs/a-Lapse-When-375.png
Lapse Trigger: shot -> .overhaul/verify/logs/a-Lapse-Trigger-375.png
Lapse Done: shot -> .overhaul/verify/logs/a-Lapse-Done-375.png
Log Urges: shot -> .overhaul/verify/logs/a-Log-Urges-375.png
Log Check-ins: shot -> .overhaul/verify/logs/a-Log-Check-ins-375.png
Log Reports: shot -> .overhaul/verify/logs/a-Log-Reports-375.png
Urge Overview Summary: shot -> .overhaul/verify/logs/a-Urge-Overview-Summary-375.png
Urge Overview: shot -> .overhaul/verify/logs/a-Urge-Overview-375.png
Urge Overview Mood: shot -> .overhaul/verify/logs/a-Urge-Overview-Mood-375.png
Urge Overview When: shot -> .overhaul/verify/logs/a-Urge-Overview-When-375.png
Report Ready: shot -> .overhaul/verify/logs/a-Report-Ready-375.png
Weekly Report: shot -> .overhaul/verify/logs/a-Weekly-Report-375.png
Weekly Report Days: shot -> .overhaul/verify/logs/a-Weekly-Report-Days-375.png
Weekly Report Urges: shot -> .overhaul/verify/logs/a-Weekly-Report-Urges-375.png
Urge Log Intensity: shot -> .overhaul/verify/logs/a-Urge-Log-Intensity-375.png
Urge Log Trigger: shot -> .overhaul/verify/logs/a-Urge-Log-Trigger-375.png
Urge Log Outcome: shot -> .overhaul/verify/logs/a-Urge-Log-Outcome-375.png
Urge Log When: shot -> .overhaul/verify/logs/a-Urge-Log-When-375.png
Urge Log Done: shot -> .overhaul/verify/logs/a-Urge-Log-Done-375.png
SIZES-DONE 375
