Log Chooser: shot -> .overhaul/verify/logs/a-Log-Chooser-430.png
Lapse When: shot -> .overhaul/verify/logs/a-Lapse-When-430.png
Lapse Trigger: shot -> .overhaul/verify/logs/a-Lapse-Trigger-430.png
Lapse Done: shot -> .overhaul/verify/logs/a-Lapse-Done-430.png
Log Urges: shot -> .overhaul/verify/logs/a-Log-Urges-430.png
Log Check-ins: shot -> .overhaul/verify/logs/a-Log-Check-ins-430.png
Log Reports: shot -> .overhaul/verify/logs/a-Log-Reports-430.png
Urge Overview Summary: shot -> .overhaul/verify/logs/a-Urge-Overview-Summary-430.png
Urge Overview: shot -> .overhaul/verify/logs/a-Urge-Overview-430.png
Urge Overview Mood: shot -> .overhaul/verify/logs/a-Urge-Overview-Mood-430.png
Urge Overview When: shot -> .overhaul/verify/logs/a-Urge-Overview-When-430.png
Report Ready: shot -> .overhaul/verify/logs/a-Report-Ready-430.png
Weekly Report: shot -> .overhaul/verify/logs/a-Weekly-Report-430.png
Weekly Report Days: shot -> .overhaul/verify/logs/a-Weekly-Report-Days-430.png
Weekly Report Urges: shot -> .overhaul/verify/logs/a-Weekly-Report-Urges-430.png
Urge Log Intensity: shot -> .overhaul/verify/logs/a-Urge-Log-Intensity-430.png
Urge Log Trigger: shot -> .overhaul/verify/logs/a-Urge-Log-Trigger-430.png
Urge Log Outcome: shot -> .overhaul/verify/logs/a-Urge-Log-Outcome-430.png
Urge Log When: shot -> .overhaul/verify/logs/a-Urge-Log-When-430.png
Urge Log Done: shot -> .overhaul/verify/logs/a-Urge-Log-Done-430.png
SIZES-DONE 430
