=== browser (393 x 852) /lessons-browser
=== browserend (393 x 852) /lessons-browser
do -> [[6012,6764,752]]
=== search (393 x 852) /search
=== searchend (393 x 852) /search
do -> [[8128,8740,612]]
=== first (393 x 852) /first-steps
=== firstend (393 x 852) /first-steps
do -> [[8,760,752]]
=== locked (393 x 852) /locked
=== lockedend (393 x 852) /locked
do -> []
=== journey (393 x 852) /journey
=== journeyend (393 x 852) /journey
do -> [[2148,2946,798]]
=== crossing (393 x 852) /journey/crossing
=== crossingend (393 x 852) /journey/crossing
do -> []
=== lib6 (375 x 667) /week/6
=== lib6end (375 x 667) /week/6
do -> [[353,896,543]]
=== lib3 (375 x 667) /week/3
=== browser (375 x 667) /lessons-browser
=== browserend (375 x 667) /lessons-browser
do -> [[6163,6764,601]]
=== search (375 x 667) /search
=== searchend (375 x 667) /search
do -> [[8639,9100,461]]
=== first (375 x 667) /first-steps
=== firstend (375 x 667) /first-steps
do -> [[159,760,601]]
=== locked (375 x 667) /locked
=== lockedend (375 x 667) /locked
do -> []
=== journey (375 x 667) /journey
=== journeyend (375 x 667) /journey
do -> [[2299,2946,647]]
=== crossing (375 x 667) /journey/crossing
=== crossingend (375 x 667) /journey/crossing
do -> [[39,686,647]]
=== lib6 (430 x 932) /week/6
=== lib6end (430 x 932) /week/6
do -> [[264,608,344]]
=== lib3 (430 x 932) /week/3
=== browser (430 x 932) /lessons-browser
=== browserend (430 x 932) /lessons-browser
do -> [[5932,6764,832]]
=== search (430 x 932) /search
=== searchend (430 x 932) /search
do -> [[7652,8344,692]]
=== first (430 x 932) /first-steps
=== firstend (430 x 932) /first-steps
do -> []
=== locked (430 x 932) /locked
=== lockedend (430 x 932) /locked
do -> []
=== journey (430 x 932) /journey
=== journeyend (430 x 932) /journey
do -> [[2068,2946,878]]
=== crossing (430 x 932) /journey/crossing
=== crossingend (430 x 932) /journey/crossing
do -> []
DONE
