Splash: 0%
Login: 0%
Welcome Back: 0%
V3 Q24 Name: 0.336%
V3 Q25 Age: 6.128%  DIFF
V3 Q26 Gender: CAPTURE FAILED Error: page.evaluate: Error: no control for "Male" :: How old are you? 22 23 24 25 26 Continue
    at window.tap (eval a
Onboarding Start: CAPTURE FAILED Error: page.evaluate: Error: no control for "Male" :: How old are you? 22 23 24 25 26 Continue
    at window.tap (eval a
V3 Q1: CAPTURE FAILED Error: page.evaluate: Error: no control for "Male" :: How old are you? 22 23 24 25 26 Continue
    at window.tap (eval a
V3 Q2: CAPTURE FAILED Error: page.evaluate: Error: no control for "Male" :: How old are you? 22 23 24 25 26 Continue
    at window.tap (eval a
V3 Q3: CAPTURE FAILED Error: page.evaluate: Error: no control for "Male" :: How old are you? 22 23 24 25 26 Continue
    at window.tap (eval a
V3 Q3b: CAPTURE FAILED Error: page.evaluate: Error: no control for "Male" :: How old are you? 22 23 24 25 26 Continue
    at window.tap (eval a
First Principle: CAPTURE FAILED Error: page.evaluate: Error: no control for "Male" :: How old are you? 22 23 24 25 26 Continue
    at window.tap (eval a
V3 Q5: CAPTURE FAILED Error: page.evaluate: Error: no control for "Male" :: How old are you? 22 23 24 25 26 Continue
    at window.tap (eval a
V3 Q6: CAPTURE FAILED Error: page.evaluate: Error: no control for "Male" :: How old are you? 22 23 24 25 26 Continue
    at window.tap (eval a
V3 Q7: CAPTURE FAILED Error: page.evaluate: Error: no control for "Male" :: How old are you? 22 23 24 25 26 Continue
    at window.tap (eval a
What starts it: CAPTURE FAILED Error: page.evaluate: Error: no control for "Male" :: How old are you? 22 23 24 25 26 Continue
    at window.tap (eval a
Transition: CAPTURE FAILED Error: page.evaluate: Error: no control for "Male" :: How old are you? 22 23 24 25 26 Continue
    at window.tap (eval a
V3 Q21: CAPTURE FAILED Error: page.evaluate: Error: no control for "Male" :: How old are you? 22 23 24 25 26 Continue
    at window.tap (eval a
What it affects: CAPTURE FAILED Error: page.evaluate: Error: no control for "Male" :: How old are you? 22 23 24 25 26 Continue
    at window.tap (eval a
V3 Q10: CAPTURE FAILED Error: page.evaluate: Error: no control for "Male" :: How old are you? 22 23 24 25 26 Continue
    at window.tap (eval a
V3 Q13: CAPTURE FAILED Error: page.evaluate: Error: no control for "Male" :: How old are you? 22 23 24 25 26 Continue
    at window.tap (eval a
V3 Q15: CAPTURE FAILED Error: page.evaluate: Error: no control for "Male" :: How old are you? 22 23 24 25 26 Continue
    at window.tap (eval a
V3 Q16: CAPTURE FAILED Error: page.evaluate: Error: no control for "Male" :: How old are you? 22 23 24 25 26 Continue
    at window.tap (eval a
V3 Q17: CAPTURE FAILED Error: page.evaluate: Error: no control for "Male" :: How old are you? 22 23 24 25 26 Continue
    at window.tap (eval a
Goal Confirmation: CAPTURE FAILED Error: page.evaluate: Error: no control for "Male" :: How old are you? 22 23 24 25 26 Continue
    at window.tap (eval a
Enlisting Aegis: 0.166%
Where We’d Start: 2.979%  DIFF
Start Here: 2.284%  DIFF
Start Here Step 1: 1.845%  DIFF
Start Here Step 2: 1.787%  DIFF
Your Plan: 0.253%
Starting Score: 1.801%  DIFF
Cost Next 30: 0.539%  DIFF
Cost Next 365: 4.338%  DIFF
Cost By Age 80: 0.202%
Line If Nothing Changes: 1.043%  DIFF
Line With the Plan: 0.218%
A Clean Day: 0%
One Bad Day: 0%
What You Want Back: 0%
Letter Received: 0.4%
Letter Week XII: 0.242%
The Vow: 0%
Medallion Received: 0%
Reminders Setup: 0%
Paywall: 3.887%  DIFF
Day Zero: 0%
Paywall Rescue: 0.598%  DIFF
Paywall Confirmed: CAPTURE FAILED Error: page.evaluate: Target page, context or browser has been closed
node:internal/modules/run_main:107
    triggerUncaughtException(
    ^

browser.newContext: Target page, context or browser has been closed
Browser logs:

[pid=59166][err] [59177:17525377:1008/205638.118164:ERROR:ui/display/mac/cv_display_link_mac.mm:188] CVDisplayLinkCreateWithCGDisplay failed. CVReturn: -6670
[pid=59166][err] [59177:17525377:1008/205638.118421:ERROR:ui/display/mac/cv_display_link_mac.mm:188] CVDisplayLinkCreateWithCGDisplay failed. CVReturn: -6670
[pid=59166][err] [59177:17525377:1008/205638.118505:ERROR:ui/display/mac/cv_display_link_mac.mm:188] CVDisplayLinkCreateWithCGDisplay failed. CVReturn: -6670
[pid=59166][err] [59166:17525156:1008/205642.519168:ERROR:chrome/browser/ui/views/user_education/impl/browser_user_education_interface_impl.cc:186] Attempting to show IPH IPH_ExtensionsZeroStatePromo before browser initialization complete; IPH will not be shown.
[pid=59166][err] [59177:17525377:1008/205642.560844:ERROR:ui/display/mac/cv_display_link_mac.mm:188] CVDisplayLinkCreateWithCGDisplay failed. CVReturn: -6670
[pid=59166][err] [59177:17525377:1008/205642.563716:ERROR:ui/display/mac/cv_display_link_mac.mm:188] CVDisplayLinkCreateWithCGDisplay failed. CVReturn: -6670
[pid=59166][err] [59177:17525377:1008/205642.565041:ERROR:ui/display/mac/cv_display_link_mac.mm:188] CVDisplayLinkCreateWithCGDisplay failed. CVReturn: -6670
[pid=59166][err] [59177:17525377:1008/205642.565237:ERROR:ui/display/mac/cv_display_link_mac.mm:188] CVDisplayLinkCreateWithCGDisplay failed. CVReturn: -6670
[pid=59166][err] [59177:17525377:1008/205642.565394:ERROR:ui/display/mac/cv_display_link_mac.mm:188] CVDisplayLinkCreateWithCGDisplay failed. CVReturn: -6670
[pid=59166][err] [59166:17525257:1008/205647.024943:ERROR:base/process/process_mac.cc:53] task_policy_set TASK_CATEGORY_POLICY: (os/kern) invalid argument (4)
[pid=59166][err] [59166:17525257:1008/205647.024968:ERROR:base/process/process_mac.cc:98] task_policy_set TASK_SUPPRESSION_POLICY: (os/kern) invalid argument (4)
[pid=59166][err] [59177:17525377:1008/205647.176921:ERROR:ui/display/mac/cv_display_link_mac.mm:188] CVDisplayLinkCreateWithCGDisplay failed. CVReturn: -6670
[pid=59166][err] [59177:17525377:1008/205647.180888:ERROR:ui/display/mac/cv_display_link_mac.mm:188] CVDisplayLinkCreateWithCGDisplay failed. CVReturn: -6670
[pid=59166][err] [59177:17525377:1008/205647.181868:ERROR:ui/display/mac/cv_display_link_mac.mm:188] CVDisplayLinkCreateWithCGDisplay failed. CVReturn: -6670
[pid=59166][err] [59177:17525377:1008/205647.182153:ERROR:ui/display/mac/cv_display_link_mac.mm:188] CVDisplayLinkCreateWithCGDisplay failed. CVReturn: -6670
[pid=59166][err] [59177:17525377:1008/205647.182374:ERROR:ui/display/mac/cv_display_link_mac.mm:188] CVDisplayLinkCreateWithCGDisplay failed. CVReturn: -6670
[pid=59166][err] [59177:17525377:1008/205652.046064:ERROR:ui/display/mac/cv_display_link_mac.mm:188] CVDisplayLinkCreateWithCGDisplay failed. CVReturn: -6670
[pid=59166][err] [59177:17525377:1008/205652.047667:ERROR:ui/display/mac/cv_display_link_mac.mm:188] CVDisplayLinkCreateWithCGDisplay failed. CVReturn: -6670
[pid=59166][err] [59177:17525377:1008/205652.048311:ERROR:ui/display/mac/cv_display_link_mac.mm:188] CVDisplayLinkCreateWithCGDisplay failed. CVReturn: -6670
[pid=59166][err] [59177:17525377:1008/205652.048632:ERROR:ui/display/mac/cv_display_link_mac.mm:188] CVDisplayLinkCreateWithCGDisplay failed. CVReturn: -6670
[pid=59166][err] [59177:17525377:1008/205652.048720:ERROR:ui/display/mac/cv_display_link_mac.mm:188] CVDisplayLinkCreateWithCGDisplay failed. CVReturn: -6670
[pid=59166][err] [59177:17525377:1008/205656.871817:ERROR:ui/display/mac/cv_display_link_mac.mm:188] CVDisplayLinkCreateWithCGDisplay failed. CVReturn: -6670
[pid=59166][err] [59177:17525377:1008/205656.878754:ERROR:ui/display/mac/cv_display_link_mac.mm:188] CVDisplayLinkCreateWithCGDisplay failed. CVReturn: -6670
[pid=59166][err] [59177:17525377:1008/205656.880663:ERROR:ui/display/mac/cv_display_link_mac.mm:188] CVDisplayLinkCreateWithCGDisplay failed. CVReturn: -6670
[pid=59166][err] [59177:17525377:1008/205656.881338:ERROR:ui/display/mac/cv_display_link_mac.mm:188] CVDisplayLinkCreateWithCGDisplay failed. CVReturn: -6670
[pid=59166][err] [59177:17525377:1008/205656.881430:ERROR:ui/display/mac/cv_display_link_mac.mm:188] CVDisplayLinkCreateWithCGDisplay failed. CVReturn: -6670
[pid=59166][err] [59177:17525377:1008/205702.456907:ERROR:ui/display/mac/cv_display_link_mac.mm:188] CVDisplayLinkCreateWithCGDisplay failed. CVReturn: -6670
[pid=59166][err] [59177:17525377:1008/205702.458108:ERROR:ui/display/mac/cv_display_link_mac.mm:188] CVDisplayLinkCreateWithCGDisplay failed. CVReturn: -6670
[pid=59166][err] [59177:17525377:1008/205702.459166:ERROR:ui/display/mac/cv_display_link_mac.mm:188] CVDisplayLinkCreateWithCGDisplay failed. CVReturn: -6670
[pid=59166][err] [59177:17525377:1008/205702.459397:ERROR:ui/display/mac/cv_display_link_mac.mm:188] CVDisplayLinkCreateWithCGDisplay failed. CVReturn: -6670
[pid=59166][err] [59177:17525377:1008/205702.459553:ERROR:ui/display/mac/cv_display_link_mac.mm:188] CVDisplayLinkCreateWithCGDisplay failed. CVReturn: -6670
[pid=59166][err] [59177:17525377:1008/205707.747429:ERROR:ui/display/mac/cv_display_link_mac.mm:188] CVDisplayLinkCreateWithCGDisplay failed. CVReturn: -6670
[pid=59166][err] [59177:17525377:1008/205707.749474:ERROR:ui/display/mac/cv_display_link_mac.mm:188] CVDisplayLinkCreateWithCGDisplay failed. CVReturn: -6670
[pid=59166][err] [59177:17525377:1008/205707.754258:ERROR:ui/display/mac/cv_display_link_mac.mm:188] CVDisplayLinkCreateWithCGDisplay failed. CVReturn: -6670
[pid=59166][err] [59177:17525377:1008/205707.754442:ERROR:ui/display/mac/cv_display_link_mac.mm:188] CVDisplayLinkCreateWithCGDisplay failed. CVReturn: -6670
[pid=59166][err] [59177:17525377:1008/205707.754533:ERROR:ui/display/mac/cv_display_link_mac.mm:188] CVDisplayLinkCreateWithCGDisplay failed. CVReturn: -6670
[pid=59166][err] [59177:17525377:1008/205711.894592:ERROR:ui/display/mac/cv_display_link_mac.mm:188] CVDisplayLinkCreateWithCGDisplay failed. CVReturn: -6670
[pid=59166][err] [59177:17525377:1008/205711.895777:ERROR:ui/display/mac/cv_display_link_mac.mm:188] CVDisplayLinkCreateWithCGDisplay failed. CVReturn: -6670
[pid=59166][err] [59177:17525377:1008/205711.896577:ERROR:ui/display/mac/cv_display_link_mac.mm:188] CVDisplayLinkCreateWithCGDisplay failed. CVReturn: -6670
[pid=59166][err] [59177:17525377:1008/205711.896667:ERROR:ui/display/mac/cv_display_link_mac.mm:188] CVDisplayLinkCreateWithCGDisplay failed. CVReturn: -6670
[pid=59166][err] [59177:17525377:1008/205711.896755:ERROR:ui/display/mac/cv_display_link_mac.mm:188] CVDisplayLinkCreateWithCGDisplay failed. CVReturn: -6670
[pid=59166][err] [59177:17525377:1008/205716.546595:ERROR:ui/display/mac/cv_display_link_mac.mm:188] CVDisplayLinkCreateWithCGDisplay failed. CVReturn: -6670
[pid=59166][err] [59177:17525377:1008/205716.547592:ERROR:ui/display/mac/cv_display_link_mac.mm:188] CVDisplayLinkCreateWithCGDisplay failed. CVReturn: -6670
[pid=59166][err] [59177:17525377:1008/205716.548144:ERROR:ui/display/mac/cv_display_link_mac.mm:188] CVDisplayLinkCreateWithCGDisplay failed. CVReturn: -6670
[pid=59166][err] [59177:17525377:1008/205716.548424:ERROR:ui/display/mac/cv_display_link_mac.mm:188] CVDisplayLinkCreateWithCGDisplay failed. CVReturn: -6670
[pid=59166][err] [59177:17525377:1008/205716.548526:ERROR:ui/display/mac/cv_display_link_mac.mm:188] CVDisplayLinkCreateWithCGDisplay failed. CVReturn: -6670
[pid=59166][err] [59177:17525377:1008/205721.261824:ERROR:ui/display/mac/cv_display_link_mac.mm:188] CVDisplayLinkCreateWithCGDisplay failed. CVReturn: -6670
[pid=59166][err] [59177:17525377:1008/205721.262698:ERROR:ui/display/mac/cv_display_link_mac.mm:188] CVDisplayLinkCreateWithCGDisplay failed. CVReturn: -6670
[pid=59166][err] [59177:17525377:1008/205721.263180:ERROR:ui/display/mac/cv_display_link_mac.mm:188] CVDisplayLinkCreateWithCGDisplay failed. CVReturn: -6670
[pid=59166][err] [59177:17525377:1008/205721.263261:ERROR:ui/display/mac/cv_display_link_mac.mm:188] CVDisplayLinkCreateWithCGDisplay failed. CVReturn: -6670
[pid=59166][err] [59177:17525377:1008/205721.263345:ERROR:ui/display/mac/cv_display_link_mac.mm:188] CVDisplayLinkCreateWithCGDisplay failed. CVReturn: -6670
[pid=59166][err] [59177:17525377:1008/205725.447137:ERROR:ui/display/mac/cv_display_link_mac.mm:188] CVDisplayLinkCreateWithCGDisplay failed. CVReturn: -6670
[pid=59166][err] [59177:17525377:1008/205725.454056:ERROR:ui/display/mac/cv_display_link_mac.mm:188] CVDisplayLinkCreateWithCGDisplay failed. CVReturn: -6670
[pid=59166][err] [59177:17525377:1008/205725.454218:ERROR:ui/display/mac/cv_display_link_mac.mm:188] CVDisplayLinkCreateWithCGDisplay failed. CVReturn: -6670
[pid=59166][err] [59177:17525377:1008/205725.454314:ERROR:ui/display/mac/cv_display_link_mac.mm:188] CVDisplayLinkCreateWithCGDisplay failed. CVReturn: -6670
[pid=59166][err] [59177:17525377:1008/205725.454395:ERROR:ui/display/mac/cv_display_link_mac.mm:188] CVDisplayLinkCreateWithCGDisplay failed. CVReturn: -6670
[pid=59166][err] [59177:17525377:1008/205730.311113:ERROR:ui/display/mac/cv_display_link_mac.mm:188] CVDisplayLinkCreateWithCGDisplay failed. CVReturn: -6670
[pid=59166][err] [59177:17525377:1008/205730.312396:ERROR:ui/display/mac/cv_display_link_mac.mm:188] CVDisplayLinkCreateWithCGDisplay failed. CVReturn: -6670
[pid=59166][err] [59177:17525377:1008/205730.313637:ERROR:ui/display/mac/cv_display_link_mac.mm:188] CVDisplayLinkCreateWithCGDisplay failed. CVReturn: -6670
[pid=59166][err] [59177:17525377:1008/205730.313746:ERROR:ui/display/mac/cv_display_link_mac.mm:188] CVDisplayLinkCreateWithCGDisplay failed. CVReturn: -6670
[pid=59166][err] [59177:17525377:1008/205730.314598:ERROR:ui/display/mac/cv_display_link_mac.mm:188] CVDisplayLinkCreateWithCGDisplay failed. CVReturn: -6670
[pid=59166][err] [59166:17525257:1008/205734.473620:ERROR:base/process/process_mac.cc:53] task_policy_set TASK_CATEGORY_POLICY: (os/kern) invalid argument (4)
[pid=59166][err] [59166:17525257:1008/205734.473654:ERROR:base/process/process_mac.cc:98] task_policy_set TASK_SUPPRESSION_POLICY: (os/kern) invalid argument (4)
[pid=59166][err] [59177:17525377:1008/205734.612064:ERROR:ui/display/mac/cv_display_link_mac.mm:188] CVDisplayLinkCreateWithCGDisplay failed. CVReturn: -6670
[pid=59166][err] [59177:17525377:1008/205734.614233:ERROR:ui/display/mac/cv_display_link_mac.mm:188] CVDisplayLinkCreateWithCGDisplay failed. CVReturn: -6670
[pid=59166][err] [59177:17525377:1008/205734.620111:ERROR:ui/display/mac/cv_display_link_mac.mm:188] CVDisplayLinkCreateWithCGDisplay failed. CVReturn: -6670
[pid=59166][err] [59177:17525377:1008/205734.620271:ERROR:ui/display/mac/cv_display_link_mac.mm:188] CVDisplayLinkCreateWithCGDisplay failed. CVReturn: -6670
[pid=59166][err] [59177:17525377:1008/205734.620348:ERROR:ui/display/mac/cv_display_link_mac.mm:188] CVDisplayLinkCreateWithCGDisplay failed. CVReturn: -6670
[pid=59166][err] [59166:17525240:1008/205736.249475:ERROR:google_apis/gcm/engine/registration_request.cc:291] Registration response error message: DEPRECATED_ENDPOINT
[pid=59166][err] [59177:17525377:1008/205738.694267:ERROR:ui/display/mac/cv_display_link_mac.mm:188] CVDisplayLinkCreateWithCGDisplay failed. CVReturn: -6670
[pid=59166][err] [59177:17525377:1008/205738.695613:ERROR:ui/display/mac/cv_display_link_mac.mm:188] CVDisplayLinkCreateWithCGDisplay failed. CVReturn: -6670
[pid=59166][err] [59177:17525377:1008/205738.696025:ERROR:ui/display/mac/cv_display_link_mac.mm:188] CVDisplayLinkCreateWithCGDisplay failed. CVReturn: -6670
[pid=59166][err] [59177:17525377:1008/205738.696126:ERROR:ui/display/mac/cv_display_link_mac.mm:188] CVDisplayLinkCreateWithCGDisplay failed. CVReturn: -6670
[pid=59166][err] [59177:17525377:1008/205738.696234:ERROR:ui/display/mac/cv_display_link_mac.mm:188] CVDisplayLinkCreateWithCGDisplay failed. CVReturn: -6670
[pid=59166][err] Trying to load the allocator multiple times. This is *not* supported.
[pid=59166][err] WARNING: All log messages before absl::InitializeLog() is called are written to STDERR
[pid=59166][err] I0000 00:00:1791489460.608765 17534544 environment.cc:526] Selected adapter: Apple M1, arch=metal-3, vendor=apple, backend=Metal, adapterType=Integrated GPU
[pid=59166][err] I0000 00:00:1791489460.645327 17534555 environment.cc:526] Selected adapter: Apple M1, arch=metal-3, vendor=apple, backend=Metal, adapterType=Integrated GPU
[pid=59166][err] [59177:17525377:1008/205743.113046:ERROR:ui/display/mac/cv_display_link_mac.mm:188] CVDisplayLinkCreateWithCGDisplay failed. CVReturn: -6670
[pid=59166][err] [59177:17525377:1008/205743.119711:ERROR:ui/display/mac/cv_display_link_mac.mm:188] CVDisplayLinkCreateWithCGDisplay failed. CVReturn: -6670
[pid=59166][err] [59177:17525377:1008/205743.119865:ERROR:ui/display/mac/cv_display_link_mac.mm:188] CVDisplayLinkCreateWithCGDisplay failed. CVReturn: -6670
[pid=59166][err] [59177:17525377:1008/205743.119947:ERROR:ui/display/mac/cv_display_link_mac.mm:188] CVDisplayLinkCreateWithCGDisplay failed. CVReturn: -6670
[pid=59166][err] [59177:17525377:1008/205743.120020:ERROR:ui/display/mac/cv_display_link_mac.mm:188] CVDisplayLinkCreateWithCGDisplay failed. CVReturn: -6670
[pid=59166][err] [59177:17525377:1008/205747.227565:ERROR:ui/display/mac/cv_display_link_mac.mm:188] CVDisplayLinkCreateWithCGDisplay failed. CVReturn: -6670
[pid=59166][err] [59177:17525377:1008/205747.236075:ERROR:ui/display/mac/cv_display_link_mac.mm:188] CVDisplayLinkCreateWithCGDisplay failed. CVReturn: -6670
[pid=59166][err] [59177:17525377:1008/205747.236254:ERROR:ui/display/mac/cv_display_link_mac.mm:188] CVDisplayLinkCreateWithCGDisplay failed. CVReturn: -6670
[pid=59166][err] [59177:17525377:1008/205747.236359:ERROR:ui/display/mac/cv_display_link_mac.mm:188] CVDisplayLinkCreateWithCGDisplay failed. CVReturn: -6670
[pid=59166][err] [59177:17525377:1008/205747.236444:ERROR:ui/display/mac/cv_display_link_mac.mm:188] CVDisplayLinkCreateWithCGDisplay failed. CVReturn: -6670
[pid=59166][err] [59177:17525377:1008/205751.661217:ERROR:ui/display/mac/cv_display_link_mac.mm:188] CVDisplayLinkCreateWithCGDisplay failed. CVReturn: -6670
[pid=59166][err] [59177:17525377:1008/205751.668267:ERROR:ui/display/mac/cv_display_link_mac.mm:188] CVDisplayLinkCreateWithCGDisplay failed. CVReturn: -6670
[pid=59166][err] [59177:17525377:1008/205751.668439:ERROR:ui/display/mac/cv_display_link_mac.mm:188] CVDisplayLinkCreateWithCGDisplay failed. CVReturn: -6670
[pid=59166][err] [59177:17525377:1008/205751.668532:ERROR:ui/display/mac/cv_display_link_mac.mm:188] CVDisplayLinkCreateWithCGDisplay failed. CVReturn: -6670
[pid=59166][err] [59177:17525377:1008/205751.668622:ERROR:ui/display/mac/cv_display_link_mac.mm:188] CVDisplayLinkCreateWithCGDisplay failed. CVReturn: -6670
[pid=59166][err] [59177:17525377:1008/205757.586335:ERROR:ui/display/mac/cv_display_link_mac.mm:188] CVDisplayLinkCreateWithCGDisplay failed. CVReturn: -6670
[pid=59166][err] [59177:17525377:1008/205757.605609:ERROR:ui/display/mac/cv_display_link_mac.mm:188] CVDisplayLinkCreateWithCGDisplay failed. CVReturn: -6670
[pid=59166][err] [59177:17525377:1008/205757.608842:ERROR:ui/display/mac/cv_display_link_mac.mm:188] CVDisplayLinkCreateWithCGDisplay failed. CVReturn: -6670
[pid=59166][err] [59177:17525377:1008/205757.610319:ERROR:ui/display/mac/cv_display_link_mac.mm:188] CVDisplayLinkCreateWithCGDisplay failed. CVReturn: -6670
[pid=59166][err] [59177:17525377:1008/205757.610452:ERROR:ui/display/mac/cv_display_link_mac.mm:188] CVDisplayLinkCreateWithCGDisplay failed. CVReturn: -6670
[pid=59166][err] [59177:17525377:1008/205803.001161:ERROR:ui/display/mac/cv_display_link_mac.mm:188] CVDisplayLinkCreateWithCGDisplay failed. CVReturn: -6670
[pid=59166][err] [59177:17525377:1008/205803.001933:ERROR:ui/display/mac/cv_display_link_mac.mm:188] CVDisplayLinkCreateWithCGDisplay failed. CVReturn: -6670
[pid=59166][err] [59177:17525377:1008/205803.002023:ERROR:ui/display/mac/cv_display_link_mac.mm:188] CVDisplayLinkCreateWithCGDisplay failed. CVReturn: -6670
[pid=59166][err] [59177:17525377:1008/205803.002106:ERROR:ui/display/mac/cv_display_link_mac.mm:188] CVDisplayLinkCreateWithCGDisplay failed. CVReturn: -6670
[pid=59166][err] [59177:17525377:1008/205803.002202:ERROR:ui/display/mac/cv_display_link_mac.mm:188] CVDisplayLinkCreateWithCGDisplay failed. CVReturn: -6670
[pid=59166][err] [59177:17525377:1008/205807.625033:ERROR:ui/display/mac/cv_display_link_mac.mm:188] CVDisplayLinkCreateWithCGDisplay failed. CVReturn: -6670
[pid=59166][err] [59177:17525377:1008/205807.627973:ERROR:ui/display/mac/cv_display_link_mac.mm:188] CVDisplayLinkCreateWithCGDisplay failed. CVReturn: -6670
[pid=59166][err] [59177:17525377:1008/205807.632495:ERROR:ui/display/mac/cv_display_link_mac.mm:188] CVDisplayLinkCreateWithCGDisplay failed. CVReturn: -6670
[pid=59166][err] [59177:17525377:1008/205807.632629:ERROR:ui/display/mac/cv_display_link_mac.mm:188] CVDisplayLinkCreateWithCGDisplay failed. CVReturn: -6670
[pid=59166][err] [59177:17525377:1008/205807.632703:ERROR:ui/display/mac/cv_display_link_mac.mm:188] CVDisplayLinkCreateWithCGDisplay failed. CVReturn: -6670
[pid=59166][err] [59177:17525377:1008/205811.550577:ERROR:ui/display/mac/cv_display_link_mac.mm:188] CVDisplayLinkCreateWithCGDisplay failed. CVReturn: -6670
[pid=59166][err] [59177:17525377:1008/205811.550767:ERROR:ui/display/mac/cv_display_link_mac.mm:188] CVDisplayLinkCreateWithCGDisplay failed. CVReturn: -6670
[pid=59166][err] [59177:17525377:1008/205811.551085:ERROR:ui/display/mac/cv_display_link_mac.mm:188] CVDisplayLinkCreateWithCGDisplay failed. CVReturn: -6670
[pid=59166][err] [59177:17525377:1008/205811.551261:ERROR:ui/display/mac/cv_display_link_mac.mm:188] CVDisplayLinkCreateWithCGDisplay failed. CVReturn: -6670
[pid=59166][err] [59177:17525377:1008/205811.551470:ERROR:ui/display/mac/cv_display_link_mac.mm:188] CVDisplayLinkCreateWithCGDisplay failed. CVReturn: -6670
[pid=59166][err] [59177:17525377:1008/205815.505229:ERROR:ui/display/mac/cv_display_link_mac.mm:188] CVDisplayLinkCreateWithCGDisplay failed. CVReturn: -6670
[pid=59166][err] [59177:17525377:1008/205815.507206:ERROR:ui/display/mac/cv_display_link_mac.mm:188] CVDisplayLinkCreateWithCGDisplay failed. CVReturn: -6670
[pid=59166][err] [59177:17525377:1008/205815.510103:ERROR:ui/display/mac/cv_display_link_mac.mm:188] CVDisplayLinkCreateWithCGDisplay failed. CVReturn: -6670
[pid=59166][err] [59177:17525377:1008/205815.510233:ERROR:ui/display/mac/cv_display_link_mac.mm:188] CVDisplayLinkCreateWithCGDisplay failed. CVReturn: -6670
[pid=59166][err] [59177:17525377:1008/205815.510313:ERROR:ui/display/mac/cv_display_link_mac.mm:188] CVDisplayLinkCreateWithCGDisplay failed. CVReturn: -6670
[pid=59166][err] [59166:17525257:1008/205819.315209:ERROR:base/process/process_mac.cc:53] task_policy_set TASK_CATEGORY_POLICY: (os/kern) invalid argument (4)
[pid=59166][err] [59166:17525257:1008/205819.315237:ERROR:base/process/process_mac.cc:98] task_policy_set TASK_SUPPRESSION_POLICY: (os/kern) invalid argument (4)
[pid=59166][err] [59177:17525377:1008/205819.470569:ERROR:ui/display/mac/cv_display_link_mac.mm:188] CVDisplayLinkCreateWithCGDisplay failed. CVReturn: -6670
[pid=59166][err] [59177:17525377:1008/205819.473630:ERROR:ui/display/mac/cv_display_link_mac.mm:188] CVDisplayLinkCreateWithCGDisplay failed. CVReturn: -6670
[pid=59166][err] [59177:17525377:1008/205819.475341:ERROR:ui/display/mac/cv_display_link_mac.mm:188] CVDisplayLinkCreateWithCGDisplay failed. CVReturn: -6670
[pid=59166][err] [59177:17525377:1008/205819.475543:ERROR:ui/display/mac/cv_display_link_mac.mm:188] CVDisplayLinkCreateWithCGDisplay failed. CVReturn: -6670
[pid=59166][err] [59177:17525377:1008/205819.475705:ERROR:ui/display/mac/cv_display_link_mac.mm:188] CVDisplayLinkCreateWithCGDisplay failed. CVReturn: -6670
[pid=59166][err] [59177:17525377:1008/205823.706015:ERROR:ui/display/mac/cv_display_link_mac.mm:188] CVDisplayLinkCreateWithCGDisplay failed. CVReturn: -6670
[pid=59166][err] [59177:17525377:1008/205823.708827:ERROR:ui/display/mac/cv_display_link_mac.mm:188] CVDisplayLinkCreateWithCGDisplay failed. CVReturn: -6670
[pid=59166][err] [59177:17525377:1008/205823.710041:ERROR:ui/display/mac/cv_display_link_mac.mm:188] CVDisplayLinkCreateWithCGDisplay failed. CVReturn: -6670
[pid=59166][err] [59177:17525377:1008/205823.710186:ERROR:ui/display/mac/cv_display_link_mac.mm:188] CVDisplayLinkCreateWithCGDisplay failed. CVReturn: -6670
[pid=59166][err] [59177:17525377:1008/205823.710299:ERROR:ui/display/mac/cv_display_link_mac.mm:188] CVDisplayLinkCreateWithCGDisplay failed. CVReturn: -6670
[pid=59166][err] [59166:17525257:1008/205827.916539:ERROR:base/process/process_mac.cc:53] task_policy_set TASK_CATEGORY_POLICY: (os/kern) invalid argument (4)
[pid=59166][err] [59166:17525257:1008/205827.916566:ERROR:base/process/process_mac.cc:98] task_policy_set TASK_SUPPRESSION_POLICY: (os/kern) invalid argument (4)
[pid=59166][err] [59177:17525377:1008/205828.058227:ERROR:ui/display/mac/cv_display_link_mac.mm:188] CVDisplayLinkCreateWithCGDisplay failed. CVReturn: -6670
[pid=59166][err] [59177:17525377:1008/205828.065966:ERROR:ui/display/mac/cv_display_link_mac.mm:188] CVDisplayLinkCreateWithCGDisplay failed. CVReturn: -6670
[pid=59166][err] [59177:17525377:1008/205828.066265:ERROR:ui/display/mac/cv_display_link_mac.mm:188] CVDisplayLinkCreateWithCGDisplay failed. CVReturn: -6670
[pid=59166][err] [59177:17525377:1008/205828.066383:ERROR:ui/display/mac/cv_display_link_mac.mm:188] CVDisplayLinkCreateWithCGDisplay failed. CVReturn: -6670
[pid=59166][err] [59177:17525377:1008/205828.066477:ERROR:ui/display/mac/cv_display_link_mac.mm:188] CVDisplayLinkCreateWithCGDisplay failed. CVReturn: -6670
[pid=59166][err] [59177:17525377:1008/205832.434094:ERROR:ui/display/mac/cv_display_link_mac.mm:188] CVDisplayLinkCreateWithCGDisplay failed. CVReturn: -6670
[pid=59166][err] [59177:17525377:1008/205832.435802:ERROR:ui/display/mac/cv_display_link_mac.mm:188] CVDisplayLinkCreateWithCGDisplay failed. CVReturn: -6670
[pid=59166][err] [59177:17525377:1008/205832.437758:ERROR:ui/display/mac/cv_display_link_mac.mm:188] CVDisplayLinkCreateWithCGDisplay failed. CVReturn: -6670
[pid=59166][err] [59177:17525377:1008/205832.438007:ERROR:ui/display/mac/cv_display_link_mac.mm:188] CVDisplayLinkCreateWithCGDisplay failed. CVReturn: -6670
[pid=59166][err] [59177:17525377:1008/205832.438197:ERROR:ui/display/mac/cv_display_link_mac.mm:188] CVDisplayLinkCreateWithCGDisplay failed. CVReturn: -6670
[pid=59166][err] [59177:17525377:1008/205838.165358:ERROR:ui/display/mac/cv_display_link_mac.mm:188] CVDisplayLinkCreateWithCGDisplay failed. CVReturn: -6670
[pid=59166][err] [59177:17525377:1008/205838.166677:ERROR:ui/display/mac/cv_display_link_mac.mm:188] CVDisplayLinkCreateWithCGDisplay failed. CVReturn: -6670
[pid=59166][err] [59177:17525377:1008/205838.167303:ERROR:ui/display/mac/cv_display_link_mac.mm:188] CVDisplayLinkCreateWithCGDisplay failed. CVReturn: -6670
[pid=59166][err] [59177:17525377:1008/205838.167410:ERROR:ui/display/mac/cv_display_link_mac.mm:188] CVDisplayLinkCreateWithCGDisplay failed. CVReturn: -6670
[pid=59166][err] [59177:17525377:1008/205838.167490:ERROR:ui/display/mac/cv_display_link_mac.mm:188] CVDisplayLinkCreateWithCGDisplay failed. CVReturn: -6670
[pid=59166][err] [59166:17525240:1008/210042.917319:ERROR:google_apis/gcm/engine/registration_request.cc:291] Registration response error message: DEPRECATED_ENDPOINT
[pid=59166][err] [59166:17525240:1008/210626.376385:ERROR:google_apis/gcm/engine/registration_request.cc:291] Registration response error message: DEPRECATED_ENDPOINT
[pid=59166] <gracefully close start>
    at async file:///Users/admin/Documents/Vici/scripts/overhaul/audit-fast.mjs:84:15 {
  log: []
}

Node.js v25.8.1
