[fonts] Lato not loaded on Phone-parked-for-the-night.html
[fonts] Lato not loaded on Bed-at-night.html
[fonts] Lato not loaded on Phone-on-charge.html
[fonts] Lato not loaded on Moon-over-a-lone-house.html
[fonts] Lato not loaded on Phone-face-down.html
[fonts] Lato not loaded on Desk-lamp.html
[fonts] Lato not loaded on Alarm-clock.html
[fonts] Lato not loaded on Closed-door.html
[fonts] Lato not loaded on Open-door.html
[fonts] Lato not loaded on Shower.html
[fonts] Lato not loaded on Stairs.html
[fonts] Lato not loaded on Mirror.html
[fonts] Lato not loaded on Sunrise.html
[fonts] Lato not loaded on Park-bench.html
[fonts] Lato not loaded on Signpost.html
[fonts] Lato not loaded on Sneaker.html
[fonts] Lato not loaded on Flag.html
[fonts] Lato not loaded on Flag-at-half-mast.html
[fonts] Lato not loaded on Mountain.html
[fonts] Lato not loaded on Lighthouse.html
[fonts] Lato not loaded on Campfire.html
[fonts] Lato not loaded on Balloon.html
[fonts] Lato not loaded on Umbrella-in-the-rain.html
[fonts] Lato not loaded on Storm-cloud.html
[fonts] Lato not loaded on Open-notebook.html
[fonts] Lato not loaded on Stack-of-books.html
[fonts] Lato not loaded on Two-cups.html
[fonts] Lato not loaded on Cake.html
[fonts] Lato not loaded on Kettle.html
[fonts] Lato not loaded on Plant.html
[fonts] Lato not loaded on Hourglass.html
[fonts] Lato not loaded on Balance-scale.html
[fonts] Lato not loaded on Dominoes.html
[fonts] Lato not loaded on First-domino-tipping.html
[fonts] Lato not loaded on Envelope.html
[fonts] Lato not loaded on Open-letter.html
[fonts] Lato not loaded on Clipboard.html
[fonts] Lato not loaded on Feed-locked.html
[fonts] Lato not loaded on Lit-match.html
[fonts] Lato not loaded on Progress-chart.html
[fonts] Lato not loaded on Pencil.html
[fonts] Lato not loaded on Fountain-pen.html
[fonts] Lato not loaded on Wall-calendar.html
[fonts] Lato not loaded on Compass-and-map.html
[fonts] Lato not loaded on ID-badge.html
[fonts] Lato not loaded on Stopwatch.html
[fonts] Lato not loaded on Thermometer.html
[fonts] Lato not loaded on Speech-bubbles.html
[fonts] Lato not loaded on Brain.html
[fonts] Lato not loaded on Battery.html
[fonts] Lato not loaded on Bell.html
[fonts] Lato not loaded on Browser-tabs.html
Lesson-Illustrations-v4: 53 frames -> .overhaul/shots/design/Lesson-Illustrations-v4  (52 without Lato!)
Week-01-Reset: 105 frames -> .overhaul/shots/design/Week-01-Reset
Week-02-Changing-Your-Mindset: 105 frames -> .overhaul/shots/design/Week-02-Changing-Your-Mindset
Week-03-In-the-Moment: 106 frames -> .overhaul/shots/design/Week-03-In-the-Moment
Week-04-Know-Your-Brain: 102 frames -> .overhaul/shots/design/Week-04-Know-Your-Brain
Week-05-Why-It-Feels-Worth-It: 105 frames -> .overhaul/shots/design/Week-05-Why-It-Feels-Worth-It
Week-06-Discipline: 112 frames -> .overhaul/shots/design/Week-06-Discipline
Week-07-Relapse-and-Adversity: 108 frames -> .overhaul/shots/design/Week-07-Relapse-and-Adversity
Week-08-Boredom-and-Meaning: 106 frames -> .overhaul/shots/design/Week-08-Boredom-and-Meaning
Week-09-Connection: 105 frames -> .overhaul/shots/design/Week-09-Connection
Week-10-Yourself: 105 frames -> .overhaul/shots/design/Week-10-Yourself
Week-11-Build-a-Life-You-Want: 103 frames -> .overhaul/shots/design/Week-11-Build-a-Life-You-Want
Week-12-Leave-It-Behind: 111 frames -> .overhaul/shots/design/Week-12-Leave-It-Behind
