## Cue Intro Modal
  sig: --- 26 design rows, 33 app rows; 9 differing, 0 missing, 3 extra, 0 sub-0.25pt rounding, 8 radius-notation only (D015), 1 paint-absent-geometry-exact (CSS box drawn as SVG — CONFIRM IN THE PNG) (use --all to list extras)
mean|Δ| 0.057  max 7 at 196,348  px>6 1  px>12 0  | blocks8 56/19404 >1  0 >4  blkmax 3.02 at 196,348  | badge px 11648 max 0
## SOS Strength
  sig: --- 16 design rows, 21 app rows; 6 differing, 0 missing, 3 extra, 0 sub-0.25pt rounding, 6 radius-notation only (D015) (use --all to list extras)
mean|Δ| 0.000  max 0 at null  px>6 0  px>12 0  | blocks8 0/19404 >1  0 >4  blkmax 0.00 at null  | badge px 11648 max 0
## Cue Hue Picker
  sig: --- 40 design rows, 43 app rows; 6 differing, 0 missing, 2 extra, 0 sub-0.25pt rounding, 6 radius-notation only (D015) (use --all to list extras)
mean|Δ| 0.000  max 0 at null  px>6 0  px>12 0  | blocks8 0/19404 >1  0 >4  blkmax 0.00 at null  | badge px 11648 max 0
## Surf Step 1
  sig: --- 30 design rows, 39 app rows; 8 differing, 0 missing, 6 extra, 0 sub-0.25pt rounding, 5 radius-notation only (D015), 3 paint-absent-geometry-exact (CSS box drawn as SVG — CONFIRM IN THE PNG) (use --all to list extras)
mean|Δ| 0.017  max 5 at 186,335  px>6 0  px>12 0  | blocks8 55/19404 >1  0 >4  blkmax 2.97 at 184,336  | badge px 11648 max 0
## Surf Step 3
  sig: --- 20 design rows, 28 app rows; 5 differing, 0 missing, 6 extra, 0 sub-0.25pt rounding, 2 radius-notation only (D015), 3 paint-absent-geometry-exact (CSS box drawn as SVG — CONFIRM IN THE PNG) (use --all to list extras)
mean|Δ| 0.002  max 12 at 223,259  px>6 12  px>12 0  | blocks8 8/19404 >1  0 >4  blkmax 1.31 at 152,336  | badge px 11648 max 0
## Cue Set Confirmation
  sig: --- 26 design rows, 32 app rows; 5 differing, 0 missing, 4 extra, 0 sub-0.25pt rounding, 4 radius-notation only (D015), 1 paint-absent-geometry-exact (CSS box drawn as SVG — CONFIRM IN THE PNG) (use --all to list extras)
mean|Δ| 0.015  max 3 at 249,354  px>6 0  px>12 0  | blocks8 48/19404 >1  0 >4  blkmax 1.34 at 244,304  | badge px 11648 max 0
## SOS Reason Picker
  sig: --- 69 design rows, 72 app rows; 9 differing, 0 missing, 2 extra, 0 sub-0.25pt rounding, 9 radius-notation only (D015) (use --all to list extras)
mean|Δ| 0.000  max 0 at null  px>6 0  px>12 0  | blocks8 0/19404 >1  0 >4  blkmax 0.00 at null  | badge px 11648 max 0
## SOS Feeling Picker
  sig: --- 64 design rows, 67 app rows; 9 differing, 0 missing, 2 extra, 0 sub-0.25pt rounding, 9 radius-notation only (D015) (use --all to list extras)
mean|Δ| 0.000  max 0 at null  px>6 0  px>12 0  | blocks8 0/19404 >1  0 >4  blkmax 0.00 at null  | badge px 11648 max 0
## SOS Loc Private Room
  sig: --- 16 design rows, 22 app rows; 4 differing, 0 missing, 4 extra, 0 sub-0.25pt rounding, 2 radius-notation only (D015), 2 paint-absent-geometry-exact (CSS box drawn as SVG — CONFIRM IN THE PNG) (use --all to list extras)
mean|Δ| 0.001  max 2 at 231,295  px>6 0  px>12 0  | blocks8 3/19404 >1  0 >4  blkmax 1.23 at 232,304  | badge px 11648 max 0
## SOS Loc Bed
  sig: --- 19 design rows, 25 app rows; 3 differing, 0 missing, 4 extra, 0 sub-0.25pt rounding, 1 radius-notation only (D015), 2 paint-absent-geometry-exact (CSS box drawn as SVG — CONFIRM IN THE PNG) (use --all to list extras)
mean|Δ| 0.018  max 5 at 255,317  px>6 0  px>12 0  | blocks8 48/19404 >1  0 >4  blkmax 3.02 at 252,316  | badge px 11648 max 0
## SOS Loc Public
  sig: --- 18 design rows, 24 app rows; 3 differing, 0 missing, 4 extra, 0 sub-0.25pt rounding, 1 radius-notation only (D015), 2 paint-absent-geometry-exact (CSS box drawn as SVG — CONFIRM IN THE PNG) (use --all to list extras)
mean|Δ| 0.018  max 6 at 281,294  px>6 0  px>12 0  | blocks8 64/19404 >1  1 >4  blkmax 4.36 at 280,292  | badge px 11648 max 0
## SOS Loc Work
  sig: --- 19 design rows, 24 app rows; 2 differing, 0 missing, 3 extra, 0 sub-0.25pt rounding, 1 radius-notation only (D015), 1 paint-absent-geometry-exact (CSS box drawn as SVG — CONFIRM IN THE PNG) (use --all to list extras)
mean|Δ| 0.015  max 5 at 265,297  px>6 0  px>12 0  | blocks8 55/19404 >1  0 >4  blkmax 3.25 at 264,296  | badge px 11648 max 0
## SOS Loc Elsewhere
  sig: --- 19 design rows, 26 app rows; 2 differing, 0 missing, 3 extra, 0 sub-0.25pt rounding, 1 radius-notation only (D015), 1 paint-absent-geometry-exact (CSS box drawn as SVG — CONFIRM IN THE PNG) (use --all to list extras)
mean|Δ| 0.017  max 6 at 276,292  px>6 0  px>12 0  | blocks8 70/19404 >1  0 >4  blkmax 3.20 at 276,292  | badge px 11648 max 0
node:internal/modules/run_main:107
    triggerUncaughtException(
    ^

page.evaluate: Error: never saw "Leave the bathroom." :: Open the door and move. Get away from the bed or chair and make the room less private. Door is open
    at window.waitFor (eval at evaluate (:311:30), <anonymous>:37:9)
    at async eval (eval at evaluate (:311:30), <anonymous>:9:1)
    at async <anonymous>:337:30
    at /Users/admin/Documents/tideline/scripts/vicifull/shot.mjs:79:26 {
  log: []
}

Node.js v25.8.1
## SOS Loc Bathroom: CAPTURE FAILED
png
node:internal/modules/run_main:107
    triggerUncaughtException(
    ^

page.evaluate: Error: never saw "Leave the bathroom." :: Open the door and move. Get away from the bed or chair and make the room less private. Door is open
    at window.waitFor (eval at evaluate (:311:30), <anonymous>:37:9)
    at async eval (eval at evaluate (:311:30), <anonymous>:9:1)
    at async <anonymous>:337:30
    at /Users/admin/Documents/tideline/scripts/vicifull/shot.mjs:79:26 {
  log: []
}

Node.js v25.8.1

node:internal/modules/run_main:107
    triggerUncaughtException(
    ^

page.evaluate: Error: never saw "Move somewhere open." :: Open the door and move. Get away from the bed or chair and make the room less private. Door is open
    at window.waitFor (eval at evaluate (:311:30), <anonymous>:37:9)
    at async eval (eval at evaluate (:311:30), <anonymous>:9:1)
    at async <anonymous>:337:30
    at /Users/admin/Documents/tideline/scripts/vicifull/shot.mjs:79:26 {
  log: []
}

Node.js v25.8.1
## SOS Loc Home Alone: CAPTURE FAILED
ng
node:internal/modules/run_main:107
    triggerUncaughtException(
    ^

page.evaluate: Error: never saw "Move somewhere open." :: Open the door and move. Get away from the bed or chair and make the room less private. Door is open
    at window.waitFor (eval at evaluate (:311:30), <anonymous>:37:9)
    at async eval (eval at evaluate (:311:30), <anonymous>:9:1)
    at async <anonymous>:337:30
    at /Users/admin/Documents/tideline/scripts/vicifull/shot.mjs:79:26 {
  log: []
}

Node.js v25.8.1

## SOS Feel Turned On
  sig: --- 16 design rows, 24 app rows; 5 differing, 0 missing, 4 extra, 0 sub-0.25pt rounding, 2 radius-notation only (D015), 3 paint-absent-geometry-exact (CSS box drawn as SVG — CONFIRM IN THE PNG) (use --all to list extras)
mean|Δ| 0.015  max 4 at 250,305  px>6 0  px>12 0  | blocks8 34/19404 >1  0 >4  blkmax 2.84 at 248,304  | badge px 11648 max 0
## SOS Feel Bored
  sig: --- 17 design rows, 23 app rows; 3 differing, 0 missing, 4 extra, 0 sub-0.25pt rounding, 2 radius-notation only (D015), 1 paint-absent-geometry-exact (CSS box drawn as SVG — CONFIRM IN THE PNG) (use --all to list extras)
mean|Δ| 0.010  max 3 at 243,300  px>6 0  px>12 0  | blocks8 26/19404 >1  0 >4  blkmax 1.66 at 244,300  | badge px 11648 max 0
## SOS Feel Lonely
  sig: --- 18 design rows, 24 app rows; 2 differing, 0 missing, 4 extra, 0 sub-0.25pt rounding, 1 radius-notation only (D015), 1 paint-absent-geometry-exact (CSS box drawn as SVG — CONFIRM IN THE PNG) (use --all to list extras)
mean|Δ| 0.012  max 3 at 255,310  px>6 0  px>12 0  | blocks8 49/19404 >1  0 >4  blkmax 1.42 at 236,272  | badge px 11648 max 0
## SOS Feel Stressed
  sig: --- 17 design rows, 25 app rows; 3 differing, 0 missing, 5 extra, 0 sub-0.25pt rounding, 1 radius-notation only (D015), 2 paint-absent-geometry-exact (CSS box drawn as SVG — CONFIRM IN THE PNG) (use --all to list extras)
mean|Δ| 0.003  max 3 at 221,278  px>6 0  px>12 0  | blocks8 17/19404 >1  0 >4  blkmax 1.52 at 228,292  | badge px 11648 max 0
## SOS Feel Anxious
  sig: --- 19 design rows, 25 app rows; 9 differing, 0 missing, 4 extra, 0 sub-0.25pt rounding, 8 radius-notation only (D015), 1 paint-absent-geometry-exact (CSS box drawn as SVG — CONFIRM IN THE PNG) (use --all to list extras)
mean|Δ| 0.025  max 3 at 215,325  px>6 0  px>12 0  | blocks8 4/19404 >1  0 >4  blkmax 1.59 at 212,328  | badge px 11648 max 0
## SOS Feel Angry
  sig: --- 18 design rows, 24 app rows; 2 differing, 0 missing, 4 extra, 0 sub-0.25pt rounding, 1 radius-notation only (D015), 1 paint-absent-geometry-exact (CSS box drawn as SVG — CONFIRM IN THE PNG) (use --all to list extras)
mean|Δ| 0.014  max 5 at 245,297  px>6 0  px>12 0  | blocks8 49/19404 >1  0 >4  blkmax 3.39 at 244,296  | badge px 11648 max 0
## SOS Feel Low
  sig: --- 16 design rows, 23 app rows; 3 differing, 0 missing, 4 extra, 0 sub-0.25pt rounding, 1 radius-notation only (D015), 2 paint-absent-geometry-exact (CSS box drawn as SVG — CONFIRM IN THE PNG) (use --all to list extras)
mean|Δ| 0.021  max 14 at 192,269  px>6 9  px>12 1  | blocks8 81/19404 >1  1 >4  blkmax 4.98 at 236,300  | badge px 11648 max 0
  box 176,256-192,272  px 1  max 14  meanΔ 14.0
## SOS Feel Rejected
  sig: --- 17 design rows, 24 app rows; 5 differing, 0 missing, 5 extra, 0 sub-0.25pt rounding, 3 radius-notation only (D015), 2 paint-absent-geometry-exact (CSS box drawn as SVG — CONFIRM IN THE PNG) (use --all to list extras)
mean|Δ| 0.014  max 5 at 255,307  px>6 0  px>12 0  | blocks8 46/19404 >1  0 >4  blkmax 2.70 at 256,304  | badge px 11648 max 0
## SOS Feel Tired
  sig: --- 20 design rows, 26 app rows; 3 differing, 0 missing, 4 extra, 0 sub-0.25pt rounding, 2 radius-notation only (D015), 1 paint-absent-geometry-exact (CSS box drawn as SVG — CONFIRM IN THE PNG) (use --all to list extras)
mean|Δ| 0.016  max 6 at 192,290  px>6 0  px>12 0  | blocks8 70/19404 >1  0 >4  blkmax 3.63 at 192,288  | badge px 11648 max 0
## SOS Feel Restless
  sig: --- 19 design rows, 26 app rows; 2 differing, 0 missing, 4 extra, 0 sub-0.25pt rounding, 1 radius-notation only (D015), 1 paint-absent-geometry-exact (CSS box drawn as SVG — CONFIRM IN THE PNG) (use --all to list extras)
mean|Δ| 0.014  max 6 at 281,297  px>6 0  px>12 0  | blocks8 59/19404 >1  0 >4  blkmax 3.50 at 280,296  | badge px 11648 max 0
## SOS Feel Numb
  sig: --- 17 design rows, 23 app rows; 4 differing, 0 missing, 4 extra, 0 sub-0.25pt rounding, 3 radius-notation only (D015), 1 paint-absent-geometry-exact (CSS box drawn as SVG — CONFIRM IN THE PNG) (use --all to list extras)
mean|Δ| 0.012  max 5 at 240,285  px>6 0  px>12 0  | blocks8 50/19404 >1  0 >4  blkmax 3.61 at 240,284  | badge px 11648 max 0
## SOS Feel Ashamed
  sig: --- 24 design rows, 31 app rows; 3 differing, 0 missing, 5 extra, 0 sub-0.25pt rounding, 1 radius-notation only (D015), 2 paint-absent-geometry-exact (CSS box drawn as SVG — CONFIRM IN THE PNG) (use --all to list extras)
mean|Δ| 0.012  max 5 at 240,289  px>6 0  px>12 0  | blocks8 43/19404 >1  0 >4  blkmax 3.61 at 240,288  | badge px 11648 max 0
## SOS Feel Unknown
  sig: --- 17 design rows, 23 app rows; 5 differing, 0 missing, 4 extra, 0 sub-0.25pt rounding, 4 radius-notation only (D015), 1 paint-absent-geometry-exact (CSS box drawn as SVG — CONFIRM IN THE PNG) (use --all to list extras)
mean|Δ| 0.002  max 3 at 238,291  px>6 0  px>12 0  | blocks8 14/19404 >1  0 >4  blkmax 1.47 at 240,304  | badge px 11648 max 0
## SOS Challenge
  sig: --- 11 design rows, 16 app rows; 0 differing, 0 missing, 3 extra, 0 sub-0.25pt rounding (use --all to list extras)
mean|Δ| 0.000  max 0 at null  px>6 0  px>12 0  | blocks8 0/19404 >1  0 >4  blkmax 0.00 at null  | badge px 11648 max 0
## SOS Trig Content
  sig: --- 15 design rows, 20 app rows; 3 differing, 0 missing, 3 extra, 0 sub-0.25pt rounding, 2 radius-notation only (D015), 1 paint-absent-geometry-exact (CSS box drawn as SVG — CONFIRM IN THE PNG) (use --all to list extras)
mean|Δ| 0.014  max 4 at 250,311  px>6 0  px>12 0  | blocks8 34/19404 >1  0 >4  blkmax 2.95 at 248,312  | badge px 11648 max 0
## SOS Trig Doomscroll
  sig: --- 20 design rows, 25 app rows; 3 differing, 0 missing, 3 extra, 0 sub-0.25pt rounding, 2 radius-notation only (D015), 1 paint-absent-geometry-exact (CSS box drawn as SVG — CONFIRM IN THE PNG) (use --all to list extras)
mean|Δ| 0.012  max 5 at 254,303  px>6 0  px>12 0  | blocks8 41/19404 >1  0 >4  blkmax 3.14 at 252,300  | badge px 11648 max 0
## SOS Trig Fantasy
  sig: --- 16 design rows, 21 app rows; 7 differing, 0 missing, 3 extra, 0 sub-0.25pt rounding, 6 radius-notation only (D015), 1 paint-absent-geometry-exact (CSS box drawn as SVG — CONFIRM IN THE PNG) (use --all to list extras)
mean|Δ| 0.009  max 3 at 180,292  px>6 0  px>12 0  | blocks8 15/19404 >1  0 >4  blkmax 1.95 at 180,292  | badge px 11648 max 0
## SOS Trig Late Phone
  sig: --- 19 design rows, 24 app rows; 2 differing, 0 missing, 3 extra, 0 sub-0.25pt rounding, 1 radius-notation only (D015), 1 paint-absent-geometry-exact (CSS box drawn as SVG — CONFIRM IN THE PNG) (use --all to list extras)
mean|Δ| 0.015  max 6 at 177,281  px>6 0  px>12 0  | blocks8 66/19404 >1  0 >4  blkmax 3.48 at 176,280  | badge px 11648 max 0
## SOS Trig Habit
  sig: --- 15 design rows, 20 app rows; 2 differing, 0 missing, 3 extra, 0 sub-0.25pt rounding, 1 radius-notation only (D015), 1 paint-absent-geometry-exact (CSS box drawn as SVG — CONFIRM IN THE PNG) (use --all to list extras)
mean|Δ| 0.014  max 6 at 244,298  px>6 0  px>12 0  | blocks8 59/19404 >1  0 >4  blkmax 3.28 at 240,296  | badge px 11648 max 0
## SOS Trig Cant Sleep
  sig: --- 19 design rows, 25 app rows; 3 differing, 0 missing, 4 extra, 0 sub-0.25pt rounding, 1 radius-notation only (D015), 2 paint-absent-geometry-exact (CSS box drawn as SVG — CONFIRM IN THE PNG) (use --all to list extras)
mean|Δ| 0.013  max 4 at 204,292  px>6 0  px>12 0  | blocks8 53/19404 >1  0 >4  blkmax 1.84 at 200,292  | badge px 11648 max 0
## SOS Trig Argument
  sig: --- 20 design rows, 26 app rows; 4 differing, 0 missing, 4 extra, 0 sub-0.25pt rounding, 2 radius-notation only (D015), 2 paint-absent-geometry-exact (CSS box drawn as SVG — CONFIRM IN THE PNG) (use --all to list extras)
mean|Δ| 0.011  max 5 at 237,294  px>6 0  px>12 0  | blocks8 32/19404 >1  0 >4  blkmax 2.72 at 236,292  | badge px 11648 max 0
## SOS Trig Alone
  sig: --- 16 design rows, 21 app rows; 2 differing, 0 missing, 3 extra, 0 sub-0.25pt rounding, 1 radius-notation only (D015), 1 paint-absent-geometry-exact (CSS box drawn as SVG — CONFIRM IN THE PNG) (use --all to list extras)
mean|Δ| 0.006  max 3 at 253,275  px>6 0  px>12 0  | blocks8 25/19404 >1  0 >4  blkmax 1.67 at 256,276  | badge px 11648 max 0
## SOS Trig Unknown
  sig: --- 17 design rows, 22 app rows; 3 differing, 0 missing, 3 extra, 0 sub-0.25pt rounding, 2 radius-notation only (D015), 1 paint-absent-geometry-exact (CSS box drawn as SVG — CONFIRM IN THE PNG) (use --all to list extras)
mean|Δ| 0.011  max 5 at 240,289  px>6 0  px>12 0  | blocks8 43/19404 >1  0 >4  blkmax 3.61 at 240,288  | badge px 11648 max 0
node:internal/modules/run_main:107
    triggerUncaughtException(
    ^

page.evaluate: Error: never saw "Stop checking." :: Get off the feed. Close the app for 15 minutes. Don’t replace one feed with another. Locked
    at window.waitFor (eval at evaluate (:311:30), <anonymous>:37:9)
    at async eval (eval at evaluate (:311:30), <anonymous>:21:1)
    at async <anonymous>:337:30
    at /Users/admin/Documents/tideline/scripts/vicifull/shot.mjs:79:26 {
  log: []
}

Node.js v25.8.1
## SOS Trig Rejection: CAPTURE FAILED
g-Rejection.png
node:internal/modules/run_main:107
    triggerUncaughtException(
    ^

page.evaluate: Error: never saw "Stop checking." :: Get off the feed. Close the app for 15 minutes. Don’t replace one feed with another. Locked
    at window.waitFor (eval at evaluate (:311:30), <anonymous>:37:9)
    at async eval (eval at evaluate (:311:30), <anonymous>:21:1)
    at async <anonymous>:337:30
    at /Users/admin/Documents/tideline/scripts/vicifull/shot.mjs:79:26 {
  log: []
}

Node.js v25.8.1

## SOS Reassess
  sig: --- 16 design rows, 20 app rows; 6 differing, 0 missing, 2 extra, 0 sub-0.25pt rounding, 6 radius-notation only (D015) (use --all to list extras)
mean|Δ| 0.000  max 0 at null  px>6 0  px>12 0  | blocks8 0/19404 >1  0 >4  blkmax 0.00 at null  | badge px 11648 max 0
## SOS Afterward
  sig: --- 9 design rows, 13 app rows; 0 differing, 1 missing, 3 extra, 0 sub-0.25pt rounding (use --all to list extras)
mean|Δ| 0.000  max 0 at null  px>6 0  px>12 0  | blocks8 0/19404 >1  0 >4  blkmax 0.00 at null  | badge px 11648 max 0
## Surf Complete
  sig: --- 13 design rows, 37 app rows; 3 differing, 2 missing, 4 extra, 0 sub-0.25pt rounding, 2 radius-notation only (D015) (use --all to list extras)
mean|Δ| 1.333  max 38 at 184,208  px>6 18955  px>12 1261  | blocks8 1761/19404 >1  36 >4  blkmax 7.17 at 112,512  | badge px 11648 max 5
  box 176,208-192,224  px 26  max 38  meanΔ 36.5
  box 256,448-272,464  px 41  max 19  meanΔ 14.4
  box 96,528-112,544  px 36  max 21  meanΔ 14.8
  box 112,464-128,480  px 37  max 18  meanΔ 14.2
  box 288,528-304,544  px 33  max 22  meanΔ 15.5
  box 160,448-176,464  px 33  max 18  meanΔ 13.8
## Relapse Log
  sig: --- 24 design rows, 30 app rows; 2 differing, 0 missing, 3 extra, 0 sub-0.25pt rounding, 2 radius-notation only (D015) (use --all to list extras)
mean|Δ| 0.001  max 2 at 195,294  px>6 0  px>12 0  | blocks8 0/19404 >1  0 >4  blkmax 0.89 at 200,292  | badge px 11648 max 0
## Relapse Twice
  sig: --- 18 design rows, 25 app rows; 5 differing, 0 missing, 4 extra, 0 sub-0.25pt rounding, 3 radius-notation only (D015), 2 paint-absent-geometry-exact (CSS box drawn as SVG — CONFIRM IN THE PNG) (use --all to list extras)
mean|Δ| 0.028  max 5 at 211,349  px>6 0  px>12 0  | blocks8 234/19404 >1  0 >4  blkmax 2.91 at 208,348  | badge px 11648 max 0
## Relapse Resign
  sig: --- 21 design rows, 30 app rows; 4 differing, 1 missing, 4 extra, 0 sub-0.25pt rounding, 2 radius-notation only (D015), 2 paint-absent-geometry-exact (CSS box drawn as SVG — CONFIRM IN THE PNG) (use --all to list extras)
mean|Δ| 0.002  max 3 at 265,487  px>6 0  px>12 0  | blocks8 0/19404 >1  0 >4  blkmax 0.17 at 276,328  | badge px 11648 max 0
## Relapse Begin
  sig: --- 16 design rows, 41 app rows; 3 differing, 0 missing, 3 extra, 0 sub-0.25pt rounding, 2 radius-notation only (D015) (use --all to list extras)
mean|Δ| 1.408  max 20 at 290,491  px>6 25101  px>12 1373  | blocks8 2047/19404 >1  41 >4  blkmax 7.13 at 280,448  | badge px 11648 max 5
  box 96,448-112,464  px 41  max 18  meanΔ 14.3
  box 144,384-160,400  px 40  max 18  meanΔ 14.7
  box 240,384-256,400  px 38  max 18  meanΔ 14.4
  box 192,368-208,384  px 33  max 17  meanΔ 14.2
  box 272,432-288,448  px 32  max 16  meanΔ 13.7
  box 96,464-112,480  px 30  max 16  meanΔ 14.2
## Urge Hub Now
  sig: --- 35 design rows, 217 app rows; 8 differing, 1 missing, 173 extra, 0 sub-0.25pt rounding, 6 radius-notation only (D015) (use --all to list extras)
mean|Δ| 0.691  max 227 at 244,363  px>6 1451  px>12 1189  | blocks8 460/19404 >1  40 >4  blkmax 188.03 at 236,356  | badge px 11648 max 3
  box 224,352-240,368  px 381  max 226  meanΔ 176.5
  box 240,352-256,368  px 285  max 227  meanΔ 189.8
  box 224,336-240,352  px 107  max 225  meanΔ 93.2
  box 240,336-256,352  px 68  max 225  meanΔ 115.0
  box 144,288-160,304  px 28  max 163  meanΔ 86.3
  box 224,368-240,384  px 13  max 206  meanΔ 142.1
## Urge Hub Score
  sig: --- 71 design rows, 217 app rows; 39 differing, 7 missing, 140 extra, 0 sub-0.25pt rounding, 38 radius-notation only (D015) (use --all to list extras)
mean|Δ| 1.935  max 227 at 63,280  px>6 10477  px>12 9984  | blocks8 324/19404 >1  246 >4  blkmax 226.97 at 36,300  | badge px 11648 max 3
  box 32,288-48,304  px 1023  max 227  meanΔ 226.5
  box 96,288-112,304  px 865  max 227  meanΔ 217.1
  box 32,304-48,320  px 581  max 227  meanΔ 223.0
  box 48,304-64,320  px 579  max 227  meanΔ 191.1
  box 96,272-112,288  px 501  max 224  meanΔ 220.1
  box 112,288-128,304  px 472  max 224  meanΔ 216.0
## Urge Hub Proof
  sig: --- 45 design rows, 217 app rows; 8 differing, 1 missing, 159 extra, 0 sub-0.25pt rounding, 6 radius-notation only (D015) (use --all to list extras)
mean|Δ| 0.712  max 215 at 342,524  px>6 365  px>12 356  | blocks8 2090/19404 >1  14 >4  blkmax 52.16 at 340,524  | badge px 11648 max 3
  box 336,528-352,544  px 170  max 215  meanΔ 150.5
  box 336,512-352,528  px 142  max 215  meanΔ 111.9
  box 320,512-336,528  px 34  max 215  meanΔ 99.3
  box 320,528-336,544  px 10  max 26  meanΔ 25.2
## Urge Hub Surfed
  sig: --- 67 design rows, 217 app rows; 10 differing, 8 missing, 144 extra, 0 sub-0.25pt rounding, 10 radius-notation only (D015) (use --all to list extras)
mean|Δ| 0.961  max 191 at 88,302  px>6 5206  px>12 5134  | blocks8 197/19404 >1  174 >4  blkmax 95.23 at 88,300  | badge px 11648 max 3
  box 96,304-112,320  px 128  max 190  meanΔ 188.8
  box 96,288-112,304  px 128  max 190  meanΔ 188.7
  box 112,288-128,304  px 103  max 189  meanΔ 183.9
  box 112,304-128,320  px 103  max 189  meanΔ 183.8
  box 336,272-352,288  px 169  max 133  meanΔ 88.5
  box 320,336-336,352  px 139  max 133  meanΔ 100.4
## Urge Hub Pledges
  sig: --- 44 design rows, 217 app rows; 7 differing, 0 missing, 159 extra, 0 sub-0.25pt rounding, 6 radius-notation only (D015) (use --all to list extras)
mean|Δ| 0.667  max 21 at 254,516  px>6 10  px>12 2  | blocks8 2144/19404 >1  0 >4  blkmax 1.88 at 392,108  | badge px 11648 max 3
  box 240,512-256,528  px 1  max 21  meanΔ 21.0
  box 192,256-208,272  px 1  max 13  meanΔ 13.0
## Urge Hub — Breathe handoff: not a bundle frame (behaviour check)
