env: load .env.local
env: export CONVEX_DEPLOYMENT EXPO_PUBLIC_CLERK_PUBLISHABLE_KEY EXPO_PUBLIC_CONVEX_SITE_URL EXPO_PUBLIC_CONVEX_URL EXPO_PUBLIC_REVENUECAT_KEY
Starting project at /Users/admin/Documents/tideline
Using src/app as the root directory for Expo Router.
React Compiler enabled
Starting Metro Bundler

Waiting on http://localhost:8081
Logs for your project will appear below.
iOS Bundled 4946ms node_modules/expo-router/entry.js (2224 modules)
 WARN  Require cycle: src/components/ui/index.ts -> src/components/ui/Waterline.tsx -> src/components/ui/index.ts

Require cycles are allowed, but can result in uninitialized values. Consider refactoring to remove the need for a cycle.
iOS Bundled 299ms node_modules/expo-router/entry.js (1 module)
 WARN  Require cycle: src/components/ui/index.ts -> src/components/ui/Waterline.tsx -> src/components/ui/index.ts

Require cycles are allowed, but can result in uninitialized values. Consider refactoring to remove the need for a cycle.
λ Bundled 4988ms node_modules/expo/node_modules/@expo/cli/node_modules/@expo/router-server/node/render.js (1695 modules)
Require cycle: src/components/ui/index.ts -> src/components/ui/Waterline.tsx -> src/components/ui/index.ts

Require cycles are allowed, but can result in uninitialized values. Consider refactoring to remove the need for a cycle.
Web Bundled 5718ms node_modules/expo-router/entry.js (1572 modules)
Web Bundled 849ms node_modules/expo-router/entry.js (1668 modules)
Web  INFO  %cDownload the React DevTools for a better development experience: https://react.dev/link/react-devtools font-weight:bold
Web  LOG  Running application "main" with appParams:
 {"hydrate": undefined, "rootTag": "#root"} 
Development-level warnings: ON.
Performance optimizations: OFF.
Web  WARN  Require cycle: src/components/ui/index.ts -> src/components/ui/Waterline.tsx -> src/components/ui/index.ts

Require cycles are allowed, but can result in uninitialized values. Consider refactoring to remove the need for a cycle.
Web  WARN  props.pointerEvents is deprecated. Use style.pointerEvents
