env: load .env.local
env: export CONVEX_DEPLOYMENT EXPO_PUBLIC_CLERK_PUBLISHABLE_KEY EXPO_PUBLIC_CONVEX_SITE_URL EXPO_PUBLIC_CONVEX_URL EXPO_PUBLIC_REVENUECAT_KEY
- Installing CocoaPods...
✔ Installed CocoaPods
› Skipping dev server
› Using --device B5BBAE52-4E34-46F4-A58D-4A585215F842
› Planning build
› Executing react-native Pods/hermes-engine » [CP-User] [Hermes] Replace Hermes for the right configuration, if needed
› Executing react-native Pods/ReactNativeDependencies » [CP-User] [RNDeps] Replace React Native Dependencies for the right configuration, if needed
› Preparing react-native-purchases-ui Pods/RevenueCat-RevenueCat » ResourceBundle-RevenueCat-RevenueCat-Info.plist
› Copying   ios/Pods/RevenueCatUI/RevenueCatUI/Resources/zh_Hant.lproj/Localizable.strings ➜ RevenueCatUI/RevenueCat_RevenueCatUI.bundle/zh_Hant.lproj/Localizable.strings
› Copying   ios/Pods/RevenueCatUI/RevenueCatUI/Resources/zh_Hans.lproj/Localizable.strings ➜ RevenueCatUI/RevenueCat_RevenueCatUI.bundle/zh_Hans.lproj/Localizable.strings
› Copying   ios/Pods/RevenueCatUI/RevenueCatUI/Resources/uk.lproj/Localizable.strings ➜ RevenueCatUI/RevenueCat_RevenueCatUI.bundle/uk.lproj/Localizable.strings
› Copying   ios/Pods/RevenueCatUI/RevenueCatUI/Resources/vi.lproj/Localizable.strings ➜ RevenueCatUI/RevenueCat_RevenueCatUI.bundle/vi.lproj/Localizable.strings
› Copying   ios/Pods/RevenueCatUI/RevenueCatUI/Resources/tr.lproj/Localizable.strings ➜ RevenueCatUI/RevenueCat_RevenueCatUI.bundle/tr.lproj/Localizable.strings
› Copying   ios/Pods/RevenueCatUI/RevenueCatUI/Resources/th.lproj/Localizable.strings ➜ RevenueCatUI/RevenueCat_RevenueCatUI.bundle/th.lproj/Localizable.strings
› Copying   ios/Pods/RevenueCatUI/RevenueCatUI/Resources/sv.lproj/Localizable.strings ➜ RevenueCatUI/RevenueCat_RevenueCatUI.bundle/sv.lproj/Localizable.strings
› Copying   ios/Pods/RevenueCatUI/RevenueCatUI/Resources/sr_Latn.lproj/Localizable.strings ➜ RevenueCatUI/RevenueCat_RevenueCatUI.bundle/sr_Latn.lproj/Localizable.strings
› Copying   ios/Pods/RevenueCatUI/RevenueCatUI/Resources/sr.lproj/Localizable.strings ➜ RevenueCatUI/RevenueCat_RevenueCatUI.bundle/sr.lproj/Localizable.strings
› Copying   ios/Pods/RevenueCatUI/RevenueCatUI/Resources/sl.lproj/Localizable.strings ➜ RevenueCatUI/RevenueCat_RevenueCatUI.bundle/sl.lproj/Localizable.strings
› Copying   ios/Pods/RevenueCatUI/RevenueCatUI/Resources/sk.lproj/Localizable.strings ➜ RevenueCatUI/RevenueCat_RevenueCatUI.bundle/sk.lproj/Localizable.strings
› Copying   ios/Pods/RevenueCatUI/RevenueCatUI/Resources/ru.lproj/Localizable.strings ➜ RevenueCatUI/RevenueCat_RevenueCatUI.bundle/ru.lproj/Localizable.strings
› Copying   ios/Pods/RevenueCatUI/RevenueCatUI/Resources/ro.lproj/Localizable.strings ➜ RevenueCatUI/RevenueCat_RevenueCatUI.bundle/ro.lproj/Localizable.strings
› Copying   ios/Pods/RevenueCatUI/RevenueCatUI/Resources/pt_PT.lproj/Localizable.strings ➜ RevenueCatUI/RevenueCat_RevenueCatUI.bundle/pt_PT.lproj/Localizable.strings
› Copying   ios/Pods/RevenueCatUI/RevenueCatUI/Resources/pt_BR.lproj/Localizable.strings ➜ RevenueCatUI/RevenueCat_RevenueCatUI.bundle/pt_BR.lproj/Localizable.strings
› Copying   ios/Pods/RevenueCatUI/RevenueCatUI/Resources/pl.lproj/Localizable.strings ➜ RevenueCatUI/RevenueCat_RevenueCatUI.bundle/pl.lproj/Localizable.strings
› Copying   ios/Pods/RevenueCatUI/RevenueCatUI/Resources/no.lproj/Localizable.strings ➜ RevenueCatUI/RevenueCat_RevenueCatUI.bundle/no.lproj/Localizable.strings
› Copying   ios/Pods/RevenueCatUI/RevenueCatUI/Resources/nl.lproj/Localizable.strings ➜ RevenueCatUI/RevenueCat_RevenueCatUI.bundle/nl.lproj/Localizable.strings
› Copying   ios/Pods/RevenueCatUI/RevenueCatUI/Resources/ms.lproj/Localizable.strings ➜ RevenueCatUI/RevenueCat_RevenueCatUI.bundle/ms.lproj/Localizable.strings
› Copying   ios/Pods/RevenueCatUI/RevenueCatUI/Resources/ko.lproj/Localizable.strings ➜ RevenueCatUI/RevenueCat_RevenueCatUI.bundle/ko.lproj/Localizable.strings
› Copying   ios/Pods/RevenueCatUI/RevenueCatUI/Resources/kk.lproj/Localizable.strings ➜ RevenueCatUI/RevenueCat_RevenueCatUI.bundle/kk.lproj/Localizable.strings
› Copying   ios/Pods/RevenueCatUI/RevenueCatUI/Resources/ja.lproj/Localizable.strings ➜ RevenueCatUI/RevenueCat_RevenueCatUI.bundle/ja.lproj/Localizable.strings
› Copying   ios/Pods/RevenueCatUI/RevenueCatUI/Resources/it.lproj/Localizable.strings ➜ RevenueCatUI/RevenueCat_RevenueCatUI.bundle/it.lproj/Localizable.strings
› Copying   ios/Pods/RevenueCatUI/RevenueCatUI/Resources/id.lproj/Localizable.strings ➜ RevenueCatUI/RevenueCat_RevenueCatUI.bundle/id.lproj/Localizable.strings
› Copying   ios/Pods/RevenueCatUI/RevenueCatUI/Resources/hu.lproj/Localizable.strings ➜ RevenueCatUI/RevenueCat_RevenueCatUI.bundle/hu.lproj/Localizable.strings
› Copying   ios/Pods/RevenueCatUI/RevenueCatUI/Resources/hr.lproj/Localizable.strings ➜ RevenueCatUI/RevenueCat_RevenueCatUI.bundle/hr.lproj/Localizable.strings
› Copying   ios/Pods/RevenueCatUI/RevenueCatUI/Resources/hi.lproj/Localizable.strings ➜ RevenueCatUI/RevenueCat_RevenueCatUI.bundle/hi.lproj/Localizable.strings
› Copying   ios/Pods/RevenueCatUI/RevenueCatUI/Resources/he.lproj/Localizable.strings ➜ RevenueCatUI/RevenueCat_RevenueCatUI.bundle/he.lproj/Localizable.strings
› Copying   ios/Pods/RevenueCatUI/RevenueCatUI/Resources/fr_FR.lproj/Localizable.strings ➜ RevenueCatUI/RevenueCat_RevenueCatUI.bundle/fr_FR.lproj/Localizable.strings
› Copying   ios/Pods/RevenueCatUI/RevenueCatUI/Resources/fr_CA.lproj/Localizable.strings ➜ RevenueCatUI/RevenueCat_RevenueCatUI.bundle/fr_CA.lproj/Localizable.strings
› Copying   ios/Pods/RevenueCatUI/RevenueCatUI/Resources/fi.lproj/Localizable.strings ➜ RevenueCatUI/RevenueCat_RevenueCatUI.bundle/fi.lproj/Localizable.strings
› Copying   ios/Pods/RevenueCatUI/RevenueCatUI/Resources/eu.lproj/Localizable.strings ➜ RevenueCatUI/RevenueCat_RevenueCatUI.bundle/eu.lproj/Localizable.strings
› Copying   ios/Pods/RevenueCatUI/RevenueCatUI/Resources/es_ES.lproj/Localizable.strings ➜ RevenueCatUI/RevenueCat_RevenueCatUI.bundle/es_ES.lproj/Localizable.strings
› Copying   ios/Pods/RevenueCatUI/RevenueCatUI/Resources/es_419.lproj/Localizable.strings ➜ RevenueCatUI/RevenueCat_RevenueCatUI.bundle/es_419.lproj/Localizable.strings
› Copying   ios/Pods/RevenueCatUI/RevenueCatUI/Resources/en_US.lproj/Localizable.strings ➜ RevenueCatUI/RevenueCat_RevenueCatUI.bundle/en_US.lproj/Localizable.strings
› Copying   ios/Pods/RevenueCatUI/RevenueCatUI/Resources/en_GB.lproj/Localizable.strings ➜ RevenueCatUI/RevenueCat_RevenueCatUI.bundle/en_GB.lproj/Localizable.strings
› Copying   ios/Pods/RevenueCatUI/RevenueCatUI/Resources/en_CA.lproj/Localizable.strings ➜ RevenueCatUI/RevenueCat_RevenueCatUI.bundle/en_CA.lproj/Localizable.strings
› Copying   ios/Pods/RevenueCatUI/RevenueCatUI/Resources/en_AU.lproj/Localizable.strings ➜ RevenueCatUI/RevenueCat_RevenueCatUI.bundle/en_AU.lproj/Localizable.strings
› Copying   ios/Pods/RevenueCatUI/RevenueCatUI/Resources/en.lproj/Localizable.strings ➜ RevenueCatUI/RevenueCat_RevenueCatUI.bundle/en.lproj/Localizable.strings
› Copying   ios/Pods/RevenueCatUI/RevenueCatUI/Resources/el.lproj/Localizable.strings ➜ RevenueCatUI/RevenueCat_RevenueCatUI.bundle/el.lproj/Localizable.strings
› Copying   ios/Pods/RevenueCatUI/RevenueCatUI/Resources/de.lproj/Localizable.strings ➜ RevenueCatUI/RevenueCat_RevenueCatUI.bundle/de.lproj/Localizable.strings
› Copying   ios/Pods/RevenueCatUI/RevenueCatUI/Resources/da.lproj/Localizable.strings ➜ RevenueCatUI/RevenueCat_RevenueCatUI.bundle/da.lproj/Localizable.strings
› Copying   ios/Pods/RevenueCatUI/RevenueCatUI/Resources/cs.lproj/Localizable.strings ➜ RevenueCatUI/RevenueCat_RevenueCatUI.bundle/cs.lproj/Localizable.strings
› Copying   ios/Pods/RevenueCatUI/RevenueCatUI/Resources/ca.lproj/Localizable.strings ➜ RevenueCatUI/RevenueCat_RevenueCatUI.bundle/ca.lproj/Localizable.strings
› Copying   ios/Pods/RevenueCatUI/RevenueCatUI/Resources/bg.lproj/Localizable.strings ➜ RevenueCatUI/RevenueCat_RevenueCatUI.bundle/bg.lproj/Localizable.strings
› Copying   ios/Pods/RevenueCatUI/RevenueCatUI/Resources/az.lproj/Localizable.strings ➜ RevenueCatUI/RevenueCat_RevenueCatUI.bundle/az.lproj/Localizable.strings
› Copying   ios/Pods/RevenueCatUI/RevenueCatUI/Resources/ar.lproj/Localizable.strings ➜ RevenueCatUI/RevenueCat_RevenueCatUI.bundle/ar.lproj/Localizable.strings
› Copying   react-native-purchases-ui RevenueCat/RevenueCat.bundle/PrivacyInfo.xcprivacy ➜ ios/Pods/RevenueCat/Sources/PrivacyInfo.xcprivacy
› Preparing Pods/React-cxxreact-React-cxxreact_privacy » ResourceBundle-React-cxxreact_privacy-React-cxxreact-Info.plist
› Copying   React-cxxreact/React-cxxreact_privacy.bundle/PrivacyInfo.xcprivacy ➜ node_modules/react-native/ReactCommon/cxxreact/PrivacyInfo.xcprivacy
› Copying   React-Core/React-Core_privacy.bundle/PrivacyInfo.xcprivacy ➜ node_modules/react-native/React/Resources/PrivacyInfo.xcprivacy
› Preparing Pods/React-Core-React-Core_privacy » ResourceBundle-React-Core_privacy-React-Core-Info.plist
› Creating  Pods/React-cxxreact-React-cxxreact_privacy » React-cxxreact_privacy.bundle
› Creating  react-native-purchases-ui Pods/RevenueCat-RevenueCat » RevenueCat.bundle
› Preparing Pods/RNSVG-RNSVGFilters » ResourceBundle-RNSVGFilters-RNSVG-Info.plist
› Copying   RNSVG/RNSVGFilters.bundle/RNSVGCompositeXor.iphoneos.metallib ➜ node_modules/react-native-svg/apple/Filters/MetalCI/RNSVGCompositeXor.iphoneos.metallib
› Copying   RNSVG/RNSVGFilters.bundle/RNSVGArithmeticFilter.iphoneos.metallib ➜ node_modules/react-native-svg/apple/Filters/MetalCI/RNSVGArithmeticFilter.iphoneos.metallib
› Creating  Pods/React-Core-React-Core_privacy » React-Core_privacy.bundle
› Preparing Pods/RNCAsyncStorage-RNCAsyncStorage_resources » ResourceBundle-RNCAsyncStorage_resources-RNCAsyncStorage-Info.plist
› Copying   RNCAsyncStorage/RNCAsyncStorage_resources.bundle/PrivacyInfo.xcprivacy ➜ node_modules/@react-native-async-storage/async-storage/ios/PrivacyInfo.xcprivacy
› Creating  Pods/RNSVG-RNSVGFilters » RNSVGFilters.bundle
› Preparing react-native-purchases-ui Pods/PurchasesHybridCommon-PurchasesHybridCommon » ResourceBundle-PurchasesHybridCommon-PurchasesHybridCommon-Info.plist
› Copying   react-native-purchases-ui PurchasesHybridCommon/PurchasesHybridCommon.bundle/PrivacyInfo.xcprivacy ➜ ios/Pods/PurchasesHybridCommon/ios/PurchasesHybridCommon/PurchasesHybridCommon/PrivacyInfo.xcprivacy
› Creating  Pods/RNCAsyncStorage-RNCAsyncStorage_resources » RNCAsyncStorage_resources.bundle
› Preparing Pods/ExpoSystemUI-ExpoSystemUI_privacy » ResourceBundle-ExpoSystemUI_privacy-ExpoSystemUI-Info.plist
› Copying   ExpoSystemUI/ExpoSystemUI_privacy.bundle/PrivacyInfo.xcprivacy ➜ node_modules/expo-system-ui/ios/PrivacyInfo.xcprivacy
› Creating  react-native-purchases-ui Pods/PurchasesHybridCommon-PurchasesHybridCommon » PurchasesHybridCommon.bundle
› Preparing Pods/ExpoFileSystem-ExpoFileSystem_privacy » ResourceBundle-ExpoFileSystem_privacy-ExpoFileSystem-Info.plist
› Creating  Pods/ExpoSystemUI-ExpoSystemUI_privacy » ExpoSystemUI_privacy.bundle
› Executing react-native Pods/hermes-engine » [CP] Copy XCFrameworks
› Preparing Pods/ExpoDevice-ExpoDevice_privacy » ResourceBundle-ExpoDevice_privacy-ExpoDevice-Info.plist
› Copying   ExpoDevice/ExpoDevice_privacy.bundle/PrivacyInfo.xcprivacy ➜ node_modules/expo-device/ios/PrivacyInfo.xcprivacy
› Creating  Pods/ExpoFileSystem-ExpoFileSystem_privacy » ExpoFileSystem_privacy.bundle
› Compiling expo-json-utils Pods/EXJSONUtils » NSDictionary+EXJSONUtils.m
› Compiling expo-json-utils Pods/EXJSONUtils » EXJSONUtils-dummy.m
› Preparing Pods/expo-dev-menu-EXDevMenu » ResourceBundle-EXDevMenu-expo-dev-menu-Info.plist
› Packaging expo-json-utils Pods/EXJSONUtils » libEXJSONUtils.a
› Executing react-native Pods/ReactNativeDependencies » [CP] Copy XCFrameworks
› Compiling expo-dev-menu-interface Pods/expo-dev-menu-interface » expo-dev-menu-interface-dummy.m
› Packaging expo-dev-menu-interface Pods/expo-dev-menu-interface » libexpo-dev-menu-interface.a
› Executing expo-dev-menu-interface Pods/expo-dev-menu-interface » Copy generated compatibility header
› Executing react-native Pods/React-Core-prebuilt » [CP-User] [RNCore] Replace React Native Core for the right configuration, if needed
› Preparing Pods/EXConstants-ExpoConstants_privacy » ResourceBundle-ExpoConstants_privacy-EXConstants-Info.plist
› Copying   EXConstants/ExpoConstants_privacy.bundle/PrivacyInfo.xcprivacy ➜ node_modules/expo-constants/ios/PrivacyInfo.xcprivacy
› Executing react-native Pods/React-Core-prebuilt » [CP] Copy XCFrameworks
› Creating  Pods/expo-dev-menu-EXDevMenu » EXDevMenu.bundle
› Creating  Pods/ExpoDevice-ExpoDevice_privacy » ExpoDevice_privacy.bundle
› Preparing expo-constants Pods/EXConstants-EXConstants » ResourceBundle-EXConstants-EXConstants-Info.plist
› Creating  Pods/EXConstants-ExpoConstants_privacy » ExpoConstants_privacy.bundle
› Preparing Pods/EXApplication-ExpoApplication_privacy » ResourceBundle-ExpoApplication_privacy-EXApplication-Info.plist
› Copying   EXApplication/ExpoApplication_privacy.bundle/PrivacyInfo.xcprivacy ➜ node_modules/expo-auth-session/node_modules/expo-application/ios/PrivacyInfo.xcprivacy
› Creating  expo-constants Pods/EXConstants-EXConstants » EXConstants.bundle
› Creating  Pods/EXApplication-ExpoApplication_privacy » ExpoApplication_privacy.bundle
› Compiling react-native-purchases-ui Pods/RevenueCat » RevenueCat-dummy.m
› Preparing Pods/expo-dev-launcher-EXDevLauncher » ResourceBundle-EXDevLauncher-expo-dev-launcher-Info.plist
› Creating  Pods/expo-dev-launcher-EXDevLauncher » EXDevLauncher.bundle
› Preparing Pods/RevenueCatUI-RevenueCat_RevenueCatUI » ResourceBundle-RevenueCat_RevenueCatUI-RevenueCatUI-Info.plist
› Creating  Pods/RevenueCatUI-RevenueCat_RevenueCatUI » RevenueCat_RevenueCatUI.bundle
› Executing expo-modules-jsi Pods/ExpoModulesJSI » [CP-User] Build ExpoModulesJSI xcframework
› Executing react-native Pods/React-RCTFBReactNativeSpec » [CP-User] [RN]Check FBReactNativeSpec
› Compiling @expo/log-box Pods/ExpoLogBox » ExpoRedBoxSwap.mm
› Executing tideline Pods/ReactCodegen » [CP-User] Generate Specs
› Packaging react-native-purchases-ui Pods/RevenueCat » libRevenueCat.a
› Compiling @expo/log-box Pods/ExpoLogBox » ExpoLogBox-dummy.m
› Packaging @expo/log-box Pods/ExpoLogBox » libExpoLogBox.a
› Executing @expo/log-box Pods/ExpoLogBox » Copy generated compatibility header
› Executing react-native-purchases-ui Pods/RevenueCat » Copy generated compatibility header
› Executing tideline Pods/ReactCodegen » [Expo] Remove duplicate codegen output
› Compiling react-native-purchases-ui Pods/RevenueCatUI » RevenueCatUI-dummy.m
› Compiling tideline Pods/ReactCodegen » safeareacontext-generated.mm
› Compiling tideline Pods/ReactCodegen » rnworklets-generated.mm
› Compiling tideline Pods/ReactCodegen » rnsvg-generated.mm
› Compiling tideline Pods/ReactCodegen » rnscreens-generated.mm
› Compiling tideline Pods/ReactCodegen » rnreanimated-generated.mm
› Compiling tideline Pods/ReactCodegen » rngesturehandler_codegen-generated.mm
› Compiling tideline Pods/ReactCodegen » rnasyncstorage-generated.mm
› Compiling tideline Pods/ReactCodegen » States.cpp
› Compiling tideline Pods/ReactCodegen » States.cpp
› Compiling tideline Pods/ReactCodegen » States.cpp
› Compiling tideline Pods/ReactCodegen » States.cpp
› Compiling tideline Pods/ReactCodegen » ShadowNodes.cpp
› Compiling tideline Pods/ReactCodegen » ShadowNodes.cpp
› Compiling tideline Pods/ReactCodegen » ShadowNodes.cpp
› Compiling tideline Pods/ReactCodegen » ShadowNodes.cpp
› Compiling tideline Pods/ReactCodegen » RCTUnstableModulesRequiringMainQueueSetupProvider.mm
› Compiling tideline Pods/ReactCodegen » RCTThirdPartyComponentsProvider.mm
› Compiling tideline Pods/ReactCodegen » RCTModulesConformingToProtocolsProvider.mm
› Compiling tideline Pods/ReactCodegen » RCTModuleProviders.mm
› Compiling tideline Pods/ReactCodegen » Props.cpp
› Compiling tideline Pods/ReactCodegen » Props.cpp
› Compiling tideline Pods/ReactCodegen » Props.cpp
› Compiling tideline Pods/ReactCodegen » Props.cpp
› Compiling tideline Pods/ReactCodegen » EventEmitters.cpp
› Compiling tideline Pods/ReactCodegen » EventEmitters.cpp
› Compiling tideline Pods/ReactCodegen » EventEmitters.cpp
› Compiling tideline Pods/ReactCodegen » EventEmitters.cpp
› Compiling tideline Pods/ReactCodegen » ComponentDescriptors.cpp
› Compiling tideline Pods/ReactCodegen » ComponentDescriptors.cpp
› Compiling tideline Pods/ReactCodegen » ComponentDescriptors.cpp
› Compiling tideline Pods/ReactCodegen » ComponentDescriptors.cpp
› Compiling react-native-purchases-ui Pods/PurchasesHybridCommon » PurchasesHybridCommon-dummy.m
› Compiling react-native-safe-area-context Pods/react-native-safe-area-context » RNCSafeAreaViewState.cpp
› Compiling react-native-safe-area-context Pods/react-native-safe-area-context » RNCSafeAreaViewShadowNode.cpp
› Compiling react-native-safe-area-context Pods/react-native-safe-area-context » RNCSafeAreaViewComponentView.mm
› Compiling react-native-safe-area-context Pods/react-native-safe-area-context » RNCSafeAreaProviderComponentView.mm
› Compiling react-native-safe-area-context Pods/react-native-safe-area-context » RNCSafeAreaContext.mm
› Compiling tideline Pods/ReactCodegen » ReactCodegen-dummy.m
› Compiling react-native-safe-area-context Pods/react-native-safe-area-context » react-native-safe-area-context-dummy.m
› Compiling tideline Pods/ReactAppDependencyProvider » RCTAppDependencyProvider.mm
› Packaging react-native-purchases-ui Pods/RevenueCatUI » libRevenueCatUI.a
› Packaging react-native-purchases-ui Pods/PurchasesHybridCommon » libPurchasesHybridCommon.a
› Compiling react-native-worklets Pods/RNWorklets » WorkletsVersion.cpp
› Executing react-native-purchases-ui Pods/PurchasesHybridCommon » Copy generated compatibility header
› Executing expo-modules-jsi Pods/ExpoModulesJSI » [CP] Copy XCFrameworks
› Compiling tideline Pods/ReactAppDependencyProvider » ReactAppDependencyProvider-dummy.m
› Compiling react-native-worklets Pods/RNWorklets » WorkletsNetworking.mm
› Compiling react-native-worklets Pods/RNWorklets » WorkletsModuleProxy.cpp
› Compiling react-native-worklets Pods/RNWorklets » WorkletsModule.mm
› Packaging tideline Pods/ReactCodegen » libReactCodegen.a
› Compiling react-native-worklets Pods/RNWorklets » WorkletsMessageThread.mm
› Compiling react-native-worklets Pods/RNWorklets » WorkletsJSIUtils.cpp
› Compiling react-native-worklets Pods/RNWorklets » WorkletRuntimeRegistry.cpp
› Compiling react-native-worklets Pods/RNWorklets » WorkletRuntimeDecorator.cpp
› Compiling react-native-worklets Pods/RNWorklets » WorkletRuntime.cpp
› Compiling react-native-worklets Pods/RNWorklets » WorkletHermesRuntime.cpp
› Compiling react-native-worklets Pods/RNWorklets » WorkletEventHandler.cpp
› Compiling react-native-worklets Pods/RNWorklets » VersionUtils.cpp
› Compiling react-native-worklets Pods/RNWorklets » ValueUnpacker.cpp
› Compiling react-native-worklets Pods/RNWorklets » UIScheduler.cpp
› Compiling react-native-worklets Pods/RNWorklets » UIRuntimeDecorator.cpp
› Compiling react-native-worklets Pods/RNWorklets » SynchronizableUnpacker.cpp
› Compiling react-native-worklets Pods/RNWorklets » SynchronizableAccess.cpp
› Compiling react-native-worklets Pods/RNWorklets » Synchronizable.cpp
› Compiling react-native-worklets Pods/RNWorklets » StableApi.cpp
› Compiling react-native-worklets Pods/RNWorklets » SlowAnimations.mm
› Compiling react-native-worklets Pods/RNWorklets » ShareableHostUnpacker.cpp
› Compiling react-native-worklets Pods/RNWorklets » ShareableGuestUnpacker.cpp
› Compiling react-native-worklets Pods/RNWorklets » Shareable.cpp
› Compiling react-native-worklets Pods/RNWorklets » SerializableFactory.cpp
› Compiling react-native-worklets Pods/RNWorklets » Serializable.cpp
› Compiling react-native-worklets Pods/RNWorklets » RuntimeManager.cpp
› Compiling react-native-worklets Pods/RNWorklets » RuntimeData.cpp
› Compiling react-native-worklets Pods/RNWorklets » RNRuntimeWorkletDecorator.cpp
› Compiling react-native-worklets Pods/RNWorklets » PlatformLogger.mm
› Compiling react-native-worklets Pods/RNWorklets » MemoryManager.cpp
› Compiling react-native-worklets Pods/RNWorklets » JSScheduler.cpp
› Compiling react-native-worklets Pods/RNWorklets » JSLogger.cpp
› Compiling react-native-worklets Pods/RNWorklets » JSIWorkletsModuleProxy.cpp
› Compiling react-native-worklets Pods/RNWorklets » JSISerializer.cpp
› Compiling react-native-worklets Pods/RNWorklets » IOSUIScheduler.mm
› Compiling react-native-worklets Pods/RNWorklets » HermesProfiling.cpp
› Compiling react-native-worklets Pods/RNWorklets » FeatureFlags.cpp
› Compiling react-native-worklets Pods/RNWorklets » EventHandlerRegistry.cpp
› Compiling react-native-worklets Pods/RNWorklets » EventLoop.cpp
› Compiling react-native-worklets Pods/RNWorklets » CustomSerializableUnpacker.cpp
› Compiling react-native-worklets Pods/RNWorklets » AsyncQueueImpl.cpp
› Compiling react-native-worklets Pods/RNWorklets » AnimationFrameQueue.mm
› Compiling react-native-worklets Pods/RNWorklets » AnimationFrameBatchinator.cpp
› Compiling react-native-safe-area-context Pods/react-native-safe-area-context » RNCSafeAreaViewMode.m
› Compiling react-native-safe-area-context Pods/react-native-safe-area-context » RNCSafeAreaViewManager.m
› Compiling react-native-safe-area-context Pods/react-native-safe-area-context » RNCSafeAreaViewLocalData.m
› Compiling react-native-safe-area-context Pods/react-native-safe-area-context » RNCSafeAreaViewEdges.m
› Compiling react-native-safe-area-context Pods/react-native-safe-area-context » RNCSafeAreaViewEdgeMode.m
› Compiling react-native-safe-area-context Pods/react-native-safe-area-context » RNCSafeAreaView.m
› Compiling react-native-safe-area-context Pods/react-native-safe-area-context » RNCSafeAreaUtils.m
› Compiling react-native-safe-area-context Pods/react-native-safe-area-context » RNCSafeAreaShadowView.m
› Compiling react-native-safe-area-context Pods/react-native-safe-area-context » RNCSafeAreaProviderManager.m
› Compiling react-native-safe-area-context Pods/react-native-safe-area-context » RNCSafeAreaProvider.m
› Compiling react-native-safe-area-context Pods/react-native-safe-area-context » RNCOnInsetsChangeEvent.m
› Compiling react-native-screens Pods/RNScreens » UIViewController+RNScreens.mm
› Compiling react-native-screens Pods/RNScreens » UIWindow+RNScreens.mm
› Executing react-native-purchases-ui Pods/RevenueCatUI » Copy generated compatibility header
› Compiling react-native-screens Pods/RNScreens » UIView+RNSUtility.mm
› Compiling react-native-screens Pods/RNScreens » UIScrollView+RNScreens.mm
› Compiling react-native-screens Pods/RNScreens » UINavigationBar+RNSUtility.mm
› Compiling react-native-screens Pods/RNScreens » RNScreensTurboModule.cpp
› Compiling react-native-screens Pods/RNScreens » RNSViewInteractionManager.mm
› Compiling react-native-screens Pods/RNScreens » RNSTabsScreenViewController.mm
› Compiling react-native-screens Pods/RNScreens » RNScreens-dummy.m
› Compiling react-native-screens Pods/RNScreens » RNSTabsScreenEventEmitter.mm
› Compiling react-native-screens Pods/RNScreens » RNSTabsScreenComponentViewManager.mm
› Compiling react-native-screens Pods/RNScreens » RNSTabsScreenComponentView.mm
› Compiling react-native-screens Pods/RNScreens » RNSTabsNavigationStateObserverRegistry.mm
› Compiling react-native-screens Pods/RNScreens » RNSTabsNavigationState.mm
› Compiling react-native-screens Pods/RNScreens » RNSTabsHostState.cpp
› Compiling react-native-screens Pods/RNScreens » RNSTabsHostShadowNode.cpp
› Compiling react-native-screens Pods/RNScreens » RNSTabsHostEventEmitter.mm
› Compiling react-native-screens Pods/RNScreens » RNSTabsHostComponentViewManager.mm
› Compiling react-native-screens Pods/RNScreens » RNSTabsHostComponentView.mm
› Compiling react-native-screens Pods/RNScreens » RNSTabsHostComponentView+RNSImageLoader.mm
› Compiling react-native-screens Pods/RNScreens » RNSTabsBottomAccessoryShadowStateProxy.mm
› Compiling react-native-screens Pods/RNScreens » RNSTabsBottomAccessoryShadowNode.cpp
› Compiling react-native-screens Pods/RNScreens » RNSTabsBottomAccessoryHelper.mm
› Compiling react-native-screens Pods/RNScreens » RNSTabsBottomAccessoryEventEmitter.mm
› Compiling react-native-screens Pods/RNScreens » RNSTabsBottomAccessoryContentComponentView.mm
› Compiling react-native-screens Pods/RNScreens » RNSTabsBottomAccessoryComponentView.mm
› Compiling react-native-screens Pods/RNScreens » RNSTabsBottomAccessoryComponentViewManager.mm
› Compiling react-native-screens Pods/RNScreens » RNSTabBarController.mm
› Compiling react-native-screens Pods/RNScreens » RNSTabBarAppearanceCoordinator.mm
› Compiling react-native-screens Pods/RNScreens » RNSStackScreenState.cpp
› Compiling react-native-screens Pods/RNScreens » RNSStackScreenShadowNode.cpp
› Compiling react-native-screens Pods/RNScreens » RNSStackScreenController.mm
› Compiling react-native-screens Pods/RNScreens » RNSStackScreenComponentViewManager.mm
› Compiling react-native-screens Pods/RNScreens » RNSStackScreenComponentView.mm
› Compiling react-native-screens Pods/RNScreens » RNSStackScreenComponentEventEmitter.mm
› Compiling react-native-screens Pods/RNScreens » RNSStackOperationCoordinator.mm
› Compiling react-native-screens Pods/RNScreens » RNSStackOperation.mm
› Compiling react-native-screens Pods/RNScreens » RNSStackNavigationController.mm
› Compiling react-native-screens Pods/RNScreens » RNSStackHostComponentViewManager.mm
› Compiling react-native-screens Pods/RNScreens » RNSStackHostComponentView.mm
› Compiling react-native-screens Pods/RNScreens » RNSStackHeaderSubviewState.cpp
› Compiling react-native-screens Pods/RNScreens » RNSStackHeaderSubviewShadowNode.cpp
› Compiling react-native-screens Pods/RNScreens » RNSStackHeaderConfigState.cpp
› Compiling react-native-screens Pods/RNScreens » RNSStackHeaderConfigShadowNode.cpp
› Compiling react-native-screens Pods/RNScreens » RNSSplitScreenShadowStateProxy.mm
› Compiling react-native-screens Pods/RNScreens » RNSSplitScreenShadowNode.cpp
› Compiling react-native-screens Pods/RNScreens » RNSSplitScreenComponentViewManager.mm
› Compiling react-native-screens Pods/RNScreens » RNSSplitScreenComponentView.mm
› Compiling react-native-screens Pods/RNScreens » RNSSplitScreenComponentEventEmitter.mm
› Compiling react-native-screens Pods/RNScreens » RNSSplitHostComponentViewManager.mm
› Compiling react-native-screens Pods/RNScreens » RNSSplitHostComponentView.mm
› Compiling react-native-screens Pods/RNScreens » RNSSplitHostComponentEventEmitter.mm
› Compiling react-native-screens Pods/RNScreens » RNSSearchBar.mm
› Compiling react-native-screens Pods/RNScreens » RNSScrollViewMarkerComponentView.mm
› Compiling react-native-screens Pods/RNScreens » RNSScrollViewHelper.mm
› Compiling react-native-screens Pods/RNScreens » RNSScrollViewFinder.mm
› Compiling react-native-screens Pods/RNScreens » RNSScrollEdgeEffectApplicator.mm
› Compiling react-native-screens Pods/RNScreens » RNSScreenWindowTraits.mm
› Compiling react-native-screens Pods/RNScreens » RNSScreenViewEvent.mm
› Compiling react-native-screens Pods/RNScreens » RNSScreenState.cpp
› Compiling react-native-screens Pods/RNScreens » RNSScreenStackHeaderSubviewState.cpp
› Compiling react-native-screens Pods/RNScreens » RNSScreenStackHeaderSubviewShadowNode.cpp
› Compiling react-native-screens Pods/RNScreens » RNSScreenStackHeaderConfigState.cpp
› Compiling react-native-screens Pods/RNScreens » RNSScreenStackHeaderSubview.mm
› Compiling react-native-screens Pods/RNScreens » RNSScreenStackHeaderConfigShadowNode.cpp
› Compiling react-native-screens Pods/RNScreens » RNSScreenStackHeaderConfig.mm
› Compiling react-native-screens Pods/RNScreens » RNSScreenStackAnimator.mm
› Compiling react-native-screens Pods/RNScreens » RNSScreenStack.mm
› Compiling react-native-screens Pods/RNScreens » RNSScreenShadowNodeCommitHook.cpp
› Compiling react-native-screens Pods/RNScreens » RNSScreenShadowNode.cpp
› Compiling react-native-screens Pods/RNScreens » RNSScreenRemovalListener.cpp
› Compiling react-native-screens Pods/RNScreens » RNSScreenNavigationContainer.mm
› Compiling react-native-screens Pods/RNScreens » RNSScreenFooter.mm
› Compiling react-native-screens Pods/RNScreens » RNSScreenContentWrapper.mm
› Compiling react-native-screens Pods/RNScreens » RNSScreenContainer.mm
› Compiling react-native-screens Pods/RNScreens » RNSScreen.mm
› Compiling react-native-screens Pods/RNScreens » RNSSafeAreaViewState.cpp
› Compiling react-native-screens Pods/RNScreens » RNSSafeAreaViewShadowNode.cpp
› Compiling react-native-screens Pods/RNScreens » RNSSafeAreaViewComponentView.mm
› Compiling react-native-screens Pods/RNScreens » RNSReactBaseView.mm
› Compiling react-native-screens Pods/RNScreens » RNSPercentDrivenInteractiveTransition.mm
› Compiling react-native-screens Pods/RNScreens » RNSModule.mm
› Compiling react-native-screens Pods/RNScreens » RNSModalScreenShadowNode.cpp
› Compiling react-native-screens Pods/RNScreens » RNSModalScreen.mm
› Compiling react-native-screens Pods/RNScreens » RNSImageLoadingHelper.mm
› Compiling react-native-screens Pods/RNScreens » RNSHeaderHeightChangeEvent.mm
› Compiling react-native-screens Pods/RNScreens » RNSFullWindowOverlayShadowNode.cpp
› Compiling react-native-screens Pods/RNScreens » RNSFullWindowOverlay.mm
› Compiling react-native-screens Pods/RNScreens » RNSConvert.mm
› Compiling react-native-screens Pods/RNScreens » RNSConversions.mm
› Compiling react-native-screens Pods/RNScreens » RNSConversions-Tabs.mm
› Compiling react-native-screens Pods/RNScreens » RNSConversions-Stack.mm
› Compiling react-native-screens Pods/RNScreens » RNSConversions-SplitView.mm
› Compiling react-native-screens Pods/RNScreens » RNSConversions-ScrollViewMarker.mm
› Compiling react-native-screens Pods/RNScreens » RNSConversions-Fabric.mm
› Compiling react-native-screens Pods/RNScreens » RNSBarButtonItem.mm
› Compiling react-native-screens Pods/RNScreens » RNSBackBarButtonItem.mm
› Compiling react-native-screens Pods/RNScreens » RCTTouchHandler+RNSUtility.mm
› Compiling react-native-screens Pods/RNScreens » RCTSurfaceTouchHandler+RNSUtility.mm
› Compiling react-native-screens Pods/RNScreens » RCTImageComponentView+RNSScreenStackHeaderConfig.mm
› Compiling react-native-screens Pods/RNScreens » RCTConvert+RNScreens.mm
› Compiling react-native-screens Pods/RNScreens » RCTConvert+RNSTabs.mm
› Compiling react-native-screens Pods/RNScreens » NSString+RNSUtility.mm
› Compiling react-native-svg Pods/RNSVG » RNSVGViewBox.mm
› Compiling react-native-svg Pods/RNSVG » RNSVGUseManager.mm
› Compiling react-native-svg Pods/RNSVG » RNSVGUse.mm
› Compiling react-native-svg Pods/RNSVG » RNSVGTopAlignedLabel.ios.mm
› Compiling react-native-svg Pods/RNSVG » RNSVGTextProperties.mm
› Compiling react-native-svg Pods/RNSVG » RNSVGTextPathManager.mm
› Compiling react-native-svg Pods/RNSVG » RNSVGTextPath.mm
› Compiling react-native-svg Pods/RNSVG » RNSVGTextManager.mm
› Compiling react-native-svg Pods/RNSVG » RNSVGText.mm
› Compiling react-native-svg Pods/RNSVG » RNSVGTSpanManager.mm
› Compiling react-native-svg Pods/RNSVG » RNSVGTSpan.mm
› Compiling react-native-svg Pods/RNSVG » RNSVGSymbolManager.mm
› Compiling react-native-svg Pods/RNSVG » RNSVGSymbol.mm
› Compiling react-native-svg Pods/RNSVG » RNSVGSvgViewModule.mm
› Compiling react-native-svg Pods/RNSVG » RNSVGSvgViewManager.mm
› Compiling react-native-svg Pods/RNSVG » RNSVGSvgView.mm
› Compiling react-native-svg Pods/RNSVG » RNSVGSolidColorBrush.mm
› Compiling react-native-svg Pods/RNSVG » RNSVGShadowNodes.cpp
› Compiling react-native-svg Pods/RNSVG » RNSVGRenderableModule.mm
› Compiling react-native-svg Pods/RNSVG » RNSVGRenderableManager.mm
› Compiling react-native-svg Pods/RNSVG » RNSVGRenderable.mm
› Compiling react-native-svg Pods/RNSVG » RNSVGRenderUtils.mm
› Compiling react-native-svg Pods/RNSVG » RNSVGRectManager.mm
› Compiling react-native-svg Pods/RNSVG » RNSVGRect.mm
› Compiling react-native-svg Pods/RNSVG » RNSVGRadialGradientManager.mm
› Compiling react-native-svg Pods/RNSVG » RNSVGRadialGradient.mm
› Compiling react-native-svg Pods/RNSVG » RNSVGPropHelper.mm
› Compiling react-native-svg Pods/RNSVG » RNSVGPatternManager.mm
› Compiling react-native-svg Pods/RNSVG » RNSVGPattern.mm
› Compiling react-native-svg Pods/RNSVG » RNSVGPathParser.mm
› Compiling react-native-svg Pods/RNSVG » RNSVGPathMeasure.mm
› Compiling react-native-svg Pods/RNSVG » RNSVGPathManager.mm
› Compiling react-native-svg Pods/RNSVG » RNSVGPath.mm
› Compiling react-native-svg Pods/RNSVG » RNSVGPainterBrush.mm
› Compiling react-native-svg Pods/RNSVG » RNSVGPainter.mm
› Compiling react-native-svg Pods/RNSVG » RNSVGNodeManager.mm
› Compiling react-native-svg Pods/RNSVG » RNSVGNode.mm
› Compiling react-native-svg Pods/RNSVG » RNSVGMaskManager.mm
› Compiling react-native-svg Pods/RNSVG » RNSVGMask.mm
› Compiling react-native-svg Pods/RNSVG » RNSVGMarkerPosition.mm
› Compiling react-native-svg Pods/RNSVG » RNSVGMarkerManager.mm
› Compiling react-native-svg Pods/RNSVG » RNSVGMarker.mm
› Compiling react-native-svg Pods/RNSVG » RNSVGLinearGradientManager.mm
› Compiling react-native-svg Pods/RNSVG » RNSVGLinearGradient.mm
› Compiling react-native-svg Pods/RNSVG » RNSVGLineManager.mm
› Compiling react-native-svg Pods/RNSVG » RNSVGLine.mm
› Compiling react-native-svg Pods/RNSVG » RNSVGLength.mm
› Compiling react-native-svg Pods/RNSVG » RNSVGLayoutableShadowNode.cpp
› Compiling react-native-svg Pods/RNSVG » RNSVGImageState.cpp
› Compiling react-native-svg Pods/RNSVG » RNSVGImageShadowNode.cpp
› Compiling react-native-svg Pods/RNSVG » RNSVGImageManager.mm
› Compiling react-native-svg Pods/RNSVG » RNSVGImage.mm
› Compiling react-native-svg Pods/RNSVG » RNSVGGroupManager.mm
› Compiling react-native-svg Pods/RNSVG » RNSVGGroup.mm
› Compiling react-native-svg Pods/RNSVG » RNSVGGlyphContext.mm
› Compiling react-native-svg Pods/RNSVG » RNSVGForeignObjectManager.mm
› Compiling react-native-svg Pods/RNSVG » RNSVGForeignObject.mm
› Compiling react-native-svg Pods/RNSVG » RNSVGFontData.mm
› Compiling react-native-svg Pods/RNSVG » RNSVGFilterRegion.mm
› Compiling react-native-svg Pods/RNSVG » RNSVGFilterPrimitiveManager.mm
› Compiling react-native-svg Pods/RNSVG » RNSVGFilterPrimitive.mm
› Compiling react-native-svg Pods/RNSVG » RNSVGFilterManager.mm
› Compiling react-native-svg Pods/RNSVG » RNSVGFilter.mm
› Compiling react-native-svg Pods/RNSVG » RNSVGFeOffsetManager.mm
› Compiling react-native-svg Pods/RNSVG » RNSVGFeOffset.mm
› Compiling react-native-svg Pods/RNSVG » RNSVGFeMergeManager.mm
› Compiling react-native-svg Pods/RNSVG » RNSVGFeMerge.mm
› Compiling react-native-svg Pods/RNSVG » RNSVGFeGaussianBlurManager.mm
› Compiling react-native-svg Pods/RNSVG » RNSVGFeGaussianBlur.mm
› Compiling react-native-svg Pods/RNSVG » RNSVGFeFloodManager.mm
› Compiling react-native-svg Pods/RNSVG » RNSVGFeFlood.mm
› Compiling react-native-svg Pods/RNSVG » RNSVGFeCompositeManager.mm
› Compiling react-native-svg Pods/RNSVG » RNSVGFeComposite.mm
› Compiling react-native-svg Pods/RNSVG » RNSVGFeColorMatrixManager.mm
› Compiling react-native-svg Pods/RNSVG » RNSVGFeColorMatrix.mm
› Compiling react-native-svg Pods/RNSVG » RNSVGFeBlendManager.mm
› Compiling react-native-svg Pods/RNSVG » RNSVGFeBlend.mm
› Compiling react-native-svg Pods/RNSVG » RNSVGEllipseManager.mm
› Compiling react-native-svg Pods/RNSVG » RNSVGEllipse.mm
› Compiling react-native-svg Pods/RNSVG » RNSVGDefsManager.mm
› Compiling react-native-svg Pods/RNSVG » RNSVGDefs.mm
› Compiling react-native-svg Pods/RNSVG » RNSVGCustomFilter.mm
› Compiling react-native-svg Pods/RNSVG » RNSVGConvert.mm
› Compiling react-native-svg Pods/RNSVG » RNSVGContextBrush.mm
› Compiling react-native-svg Pods/RNSVG » RNSVGCompositeXor.mm
› Compiling react-native-svg Pods/RNSVG » RNSVGClipPathManager.mm
› Compiling react-native-svg Pods/RNSVG » RNSVGClipPath.mm
› Compiling react-native-svg Pods/RNSVG » RNSVGCircleManager.mm
› Compiling react-native-svg Pods/RNSVG » RNSVGCircle.mm
› Compiling react-native-svg Pods/RNSVG » RNSVGBrush.mm
› Compiling react-native-svg Pods/RNSVG » RNSVGBezierElement.mm
› Compiling react-native-svg Pods/RNSVG » RNSVGArithmeticFilter.mm
› Compiling react-native-svg Pods/RNSVG » RCTConvert+RNSVG.mm
› Compiling react-native-reanimated Pods/RNReanimated » vectors.cpp
› Compiling react-native-reanimated Pods/RNReanimated » translate.cpp
› Compiling react-native-reanimated Pods/RNReanimated » steps.cpp
› Compiling react-native-reanimated Pods/RNReanimated » skew.cpp
› Compiling react-native-reanimated Pods/RNReanimated » scale.cpp
› Compiling react-native-reanimated Pods/RNReanimated » rotate.cpp
› Compiling react-native-reanimated Pods/RNReanimated » props.cpp
› Compiling react-native-reanimated Pods/RNReanimated » perspective.cpp
› Compiling react-native-reanimated Pods/RNReanimated » matrix.cpp
› Compiling react-native-reanimated Pods/RNReanimated » linear.cpp
› Compiling react-native-reanimated Pods/RNReanimated » interpolators.cpp
› Compiling react-native-reanimated Pods/RNReanimated » cubicBezier.cpp
› Compiling react-native-reanimated Pods/RNReanimated » common.cpp
› Compiling react-native-reanimated Pods/RNReanimated » algorithms.cpp
› Compiling react-native-reanimated Pods/RNReanimated » ViewStylesRepository.cpp
› Compiling react-native-reanimated Pods/RNReanimated » ValueInterpolator.cpp
› Compiling react-native-reanimated Pods/RNReanimated » UpdatesRegistryManager.cpp
› Compiling react-native-reanimated Pods/RNReanimated » UpdatesRegistry.cpp
› Compiling react-native-reanimated Pods/RNReanimated » UIRuntimeDecorator.cpp
› Compiling react-native-reanimated Pods/RNReanimated » UIEventHandlerRegistry.cpp
› Compiling react-native-reanimated Pods/RNReanimated » UIEventHandler.cpp
› Compiling react-native-reanimated Pods/RNReanimated » TransitionStyleInterpolator.cpp
› Compiling react-native-reanimated Pods/RNReanimated » TransitionProgressProvider.cpp
› Compiling react-native-reanimated Pods/RNReanimated » TransformsStyleInterpolator.cpp
› Compiling react-native-reanimated Pods/RNReanimated » TransformOperationInterpolator.cpp
› Compiling react-native-reanimated Pods/RNReanimated » TransformOperation.cpp
› Compiling react-native-reanimated Pods/RNReanimated » TransformOp.cpp
› Compiling react-native-reanimated Pods/RNReanimated » TransformMatrix3D.cpp
› Compiling react-native-reanimated Pods/RNReanimated » TransformMatrix2D.cpp
› Compiling react-native-reanimated Pods/RNReanimated » TransformMatrix.cpp
› Compiling react-native-reanimated Pods/RNReanimated » StyleOperationInterpolator.cpp
› Compiling react-native-reanimated Pods/RNReanimated » StyleOperation.cpp
› Compiling react-native-reanimated Pods/RNReanimated » StaticPropsRegistry.cpp
› Compiling react-native-reanimated Pods/RNReanimated » SimpleValueInterpolator.cpp
› Compiling react-native-reanimated Pods/RNReanimated » SharedTransitions.cpp
› Compiling react-native-reanimated Pods/RNReanimated » ShadowTreeCloner.cpp
› Compiling react-native-reanimated Pods/RNReanimated » SetGestureState.mm
› Compiling react-native-reanimated Pods/RNReanimated » SVGStrokeDashArray.cpp
› Compiling react-native-reanimated Pods/RNReanimated » SVGStops.cpp
› Compiling react-native-reanimated Pods/RNReanimated » SVGPath.cpp
› Compiling react-native-reanimated Pods/RNReanimated » SVGBrush.cpp
› Compiling react-native-reanimated Pods/RNReanimated » ResolvableValueInterpolator.cpp
› Compiling react-native-reanimated Pods/RNReanimated » RecordPropertiesInterpolator.cpp
› Compiling react-native-reanimated Pods/RNReanimated » ReanimatedVersion.cpp
› Compiling react-native-reanimated Pods/RNReanimated » ReanimatedMountHook.cpp
› Compiling react-native-reanimated Pods/RNReanimated » ReanimatedModuleProxySpec.cpp
› Compiling react-native-reanimated Pods/RNReanimated » ReanimatedModuleProxy.cpp
› Compiling react-native-reanimated Pods/RNReanimated » ReanimatedModule.mm
› Compiling react-native-reanimated Pods/RNReanimated » ReanimatedCommitHook.cpp
› Compiling react-native-reanimated Pods/RNReanimated » RawProgressProvider.cpp
› Compiling react-native-reanimated Pods/RNReanimated » RNRuntimeDecorator.cpp
› Compiling react-native-reanimated Pods/RNReanimated » REASlowAnimations.mm
› Compiling react-native-reanimated Pods/RNReanimated » REANodesManager.mm
› Compiling react-native-reanimated Pods/RNReanimated » REAKeyboardEventObserver.mm
› Compiling react-native-reanimated Pods/RNReanimated » Quaternion.cpp
› Compiling react-native-reanimated Pods/RNReanimated » PropsDiffer.cpp
› Compiling react-native-reanimated Pods/RNReanimated » PropertyInterpolator.cpp
› Compiling react-native-reanimated Pods/RNReanimated » PropValueProcessor.cpp
› Compiling react-native-reanimated Pods/RNReanimated » PlatformDepMethodsHolderImpl.mm
› Compiling react-native-reanimated Pods/RNReanimated » NativeProxy.mm
› Compiling react-native-reanimated Pods/RNReanimated » OperationsStyleInterpolator.cpp
› Compiling react-native-reanimated Pods/RNReanimated » LayoutAnimationsUtils.cpp
› Compiling react-native-reanimated Pods/RNReanimated » LayoutAnimationsProxy_Legacy.cpp
› Compiling react-native-reanimated Pods/RNReanimated » LayoutAnimationsProxy_Experimental.cpp
› Compiling react-native-reanimated Pods/RNReanimated » LayoutAnimationsProxyCommon.cpp
› Compiling react-native-reanimated Pods/RNReanimated » LayoutAnimationsManager.cpp
› Compiling react-native-reanimated Pods/RNReanimated » InterpolatorRegistry.cpp
› Compiling react-native-reanimated Pods/RNReanimated » InterpolatorFactory.cpp
› Compiling react-native-reanimated Pods/RNReanimated » GroupPropertiesInterpolator.cpp
› Compiling react-native-reanimated Pods/RNReanimated » FilterStyleInterpolator.cpp
› Compiling react-native-reanimated Pods/RNReanimated » FilterOperationInterpolator.cpp
› Compiling react-native-reanimated Pods/RNReanimated » FilterOperation.cpp
› Compiling react-native-reanimated Pods/RNReanimated » FilterOp.cpp
› Compiling react-native-reanimated Pods/RNReanimated » FeatureFlags.cpp
› Compiling react-native-reanimated Pods/RNReanimated » EasingFunctions.cpp
› Compiling react-native-reanimated Pods/RNReanimated » DelayedItemsManager.cpp
› Compiling react-native-reanimated Pods/RNReanimated » CSSValueVariant.cpp
› Compiling react-native-reanimated Pods/RNReanimated » CSSTransitionsRegistry.cpp
› Compiling react-native-reanimated Pods/RNReanimated » CSSTransitionConfig.cpp
› Compiling react-native-reanimated Pods/RNReanimated » CSSTransition.cpp
› Compiling react-native-reanimated Pods/RNReanimated » CSSNumber.cpp
› Compiling react-native-reanimated Pods/RNReanimated » CSSLengthArray.cpp
› Compiling react-native-reanimated Pods/RNReanimated » CSSLength.cpp
› Compiling react-native-reanimated Pods/RNReanimated » CSSKeyword.cpp
› Compiling react-native-reanimated Pods/RNReanimated » CSSKeyframesRegistry.cpp
› Compiling react-native-reanimated Pods/RNReanimated » CSSKeyframesConfig.cpp
› Compiling react-native-reanimated Pods/RNReanimated » CSSDropShadow.cpp
› Compiling react-native-reanimated Pods/RNReanimated » CSSDiscreteArray.cpp
› Compiling react-native-reanimated Pods/RNReanimated » CSSColor.cpp
› Compiling react-native-reanimated Pods/RNReanimated » CSSBoxShadow.cpp
› Compiling react-native-reanimated Pods/RNReanimated » CSSBoolean.cpp
› Compiling react-native-reanimated Pods/RNReanimated » CSSAnimationsRegistry.cpp
› Compiling react-native-reanimated Pods/RNReanimated » CSSAnimationConfig.cpp
› Compiling react-native-reanimated Pods/RNReanimated » CSSAnimation.cpp
› Compiling react-native-reanimated Pods/RNReanimated » CSSAngle.cpp
› Compiling react-native-reanimated Pods/RNReanimated » ArrayPropertiesInterpolator.cpp
› Compiling react-native-reanimated Pods/RNReanimated » AnimationProgressProvider.cpp
› Compiling react-native-reanimated Pods/RNReanimated » AnimatedSensorModule.cpp
› Compiling react-native-reanimated Pods/RNReanimated » AnimatedPropsRegistry.cpp
› Compiling react-native-gesture-handler Pods/RNGestureHandler » RNNativeViewHandler.mm
› Compiling react-native-gesture-handler Pods/RNGestureHandler » RNGestureHandlerRootViewComponentView.mm
› Compiling react-native-gesture-handler Pods/RNGestureHandler » RNGestureHandlerModule.mm
› Compiling react-native-gesture-handler Pods/RNGestureHandler » RNGestureHandlerManager.mm
› Compiling react-native-gesture-handler Pods/RNGestureHandler » RNGestureHandlerButtonManager.mm
› Compiling react-native-gesture-handler Pods/RNGestureHandler » RNGestureHandlerButtonComponentView.mm
› Compiling react-native-gesture-handler Pods/RNGestureHandler » RNGestureHandlerButton.mm
› Compiling react-native-gesture-handler Pods/RNGestureHandler » RNGestureHandler.mm
› Compiling react-native-worklets Pods/RNWorklets » RNWorklets-dummy.m
› Compiling react-native-svg Pods/RNSVG » RNSVG-dummy.m
› Compiling react-native-gesture-handler Pods/RNGestureHandler » RNGestureHandler-dummy.m
› Compiling @react-native-masked-view/masked-view Pods/RNCMaskedView » RNCMaskedViewManager.m
› Compiling @react-native-masked-view/masked-view Pods/RNCMaskedView » RNCMaskedView.m
› Compiling @react-native-masked-view/masked-view Pods/RNCMaskedView » RNCMaskedView-dummy.m
› Compiling @react-native-async-storage/async-storage Pods/RNCAsyncStorage » RNCAsyncStorage.mm
› Packaging react-native-safe-area-context Pods/react-native-safe-area-context » libreact-native-safe-area-context.a
› Packaging tideline Pods/ReactAppDependencyProvider » libReactAppDependencyProvider.a
› Packaging react-native-worklets Pods/RNWorklets » libRNWorklets.a
› Packaging react-native-screens Pods/RNScreens » libRNScreens.a
› Packaging react-native-svg Pods/RNSVG » libRNSVG.a
› Packaging @react-native-masked-view/masked-view Pods/RNCMaskedView » libRNCMaskedView.a
› Executing expo-modules-core Pods/ExpoModulesCore » [CP-User] [Expo] Resolve ExpoModulesCore dSYM source maps
› Compiling react-native-reanimated Pods/RNReanimated » ReanimatedSensorContainer.m
› Compiling react-native-reanimated Pods/RNReanimated » ReanimatedSensor.m
› Compiling react-native-reanimated Pods/RNReanimated » RNReanimated-dummy.m
› Compiling react-native-reanimated Pods/RNReanimated » RCTUIView+Reanimated.m
› Compiling react-native-purchases Pods/RNPurchases » RNPurchases-dummy.m
› Compiling @react-native-async-storage/async-storage Pods/RNCAsyncStorage » RNCAsyncStorage-dummy.m
› Compiling react-native-purchases Pods/RNPurchases » RNPurchases.m
› Executing react-native-screens Pods/RNScreens » Copy generated compatibility header
› Packaging react-native-reanimated Pods/RNReanimated » libRNReanimated.a
› Packaging react-native-purchases Pods/RNPurchases » libRNPurchases.a
› Compiling react-native-gesture-handler Pods/RNGestureHandler » RNTapHandler.m
› Compiling react-native-gesture-handler Pods/RNGestureHandler » RNRotationHandler.m
› Compiling react-native-gesture-handler Pods/RNGestureHandler » RNRootViewGestureRecognizer.m
› Compiling react-native-gesture-handler Pods/RNGestureHandler » RNPinchHandler.m
› Compiling react-native-gesture-handler Pods/RNGestureHandler » RNPanHandler.m
› Compiling react-native-gesture-handler Pods/RNGestureHandler » RNManualHandler.m
› Compiling react-native-gesture-handler Pods/RNGestureHandler » RNManualActivationRecognizer.m
› Compiling react-native-gesture-handler Pods/RNGestureHandler » RNLongPressHandler.m
› Compiling react-native-gesture-handler Pods/RNGestureHandler » RNHoverHandler.m
› Compiling react-native-gesture-handler Pods/RNGestureHandler » RNGestureHandlerRegistry.m
› Compiling react-native-gesture-handler Pods/RNGestureHandler » RNGestureHandlerPointerTracker.m
› Packaging @react-native-async-storage/async-storage Pods/RNCAsyncStorage » libRNCAsyncStorage.a
› Compiling react-native-gesture-handler Pods/RNGestureHandler » RNGestureHandlerEvents.m
› Compiling react-native-gesture-handler Pods/RNGestureHandler » RNGHVector.m
› Compiling react-native-gesture-handler Pods/RNGestureHandler » RNGHStylusData.m
› Compiling react-native-gesture-handler Pods/RNGestureHandler » RNForceTouchHandler.m
› Compiling react-native-gesture-handler Pods/RNGestureHandler » RNFlingHandler.m
› Packaging react-native-gesture-handler Pods/RNGestureHandler » libRNGestureHandler.a
› Executing expo-modules-core Pods/ExpoModulesCore » [CP-User] [Expo] Switch ExpoModulesCore XCFramework for build configuration
› Executing expo-modules-core Pods/ExpoModulesCore » [CP] Copy XCFrameworks
› Compiling react-native-purchases-ui Pods/PurchasesHybridCommonUI » PurchasesHybridCommonUI-dummy.m
› Packaging react-native-purchases-ui Pods/PurchasesHybridCommonUI » libPurchasesHybridCommonUI.a
› Executing react-native-purchases-ui Pods/PurchasesHybridCommonUI » Copy generated compatibility header
› Executing expo-modules-core Pods/ExpoModulesWorklets » [CP-User] [Expo] Resolve ExpoModulesWorklets dSYM source maps
› Executing expo-file-system Pods/ExpoFileSystem » [CP-User] [Expo] Resolve ExpoFileSystem dSYM source maps
› Executing expo-image Pods/ExpoImage » [CP-User] [Expo] Resolve ExpoImage dSYM source maps
› Executing expo-font Pods/ExpoFont » [CP-User] [Expo] Resolve ExpoFont dSYM source maps
› Executing expo-modules-core Pods/ExpoModulesWorklets » [CP-User] [Expo] Switch ExpoModulesWorklets XCFramework for build configuration
› Executing expo-image Pods/ExpoImage » [CP-User] [Expo] Switch ExpoImage XCFramework for build configuration
› Executing expo-font Pods/ExpoFont » [CP-User] [Expo] Switch ExpoFont XCFramework for build configuration
› Executing expo-file-system Pods/ExpoFileSystem » [CP-User] [Expo] Switch ExpoFileSystem XCFramework for build configuration
› Compiling react-native-purchases-ui Pods/RNPaywalls » UIView+Extensions.m
› Compiling expo-system-ui Pods/ExpoSystemUI » ExpoSystemUI-dummy.m
› Compiling expo-symbols Pods/ExpoSymbols » ExpoSymbols-dummy.m
› Packaging expo-system-ui Pods/ExpoSystemUI » libExpoSystemUI.a
› Compiling react-native-purchases-ui Pods/RNPaywalls » RNPaywalls-dummy.m
› Packaging expo-symbols Pods/ExpoSymbols » libExpoSymbols.a
› Compiling react-native-purchases-ui Pods/RNPaywalls » RNPaywalls.m
› Compiling react-native-purchases-ui Pods/RNPaywalls » RNCustomerCenter.m
› Compiling react-native-purchases-ui Pods/RNPaywalls » RCPaywallFooterViewManager.m
› Compiling react-native-purchases-ui Pods/RNPaywalls » PaywallViewWrapper.m
› Compiling react-native-purchases-ui Pods/RNPaywalls » PaywallViewManager.m
› Compiling react-native-purchases-ui Pods/RNPaywalls » CustomerCenterViewWrapper.m
› Compiling react-native-purchases-ui Pods/RNPaywalls » CustomerCenterViewManager.m
› Executing expo-system-ui Pods/ExpoSystemUI » Copy generated compatibility header
› Executing expo-symbols Pods/ExpoSymbols » Copy generated compatibility header
› Executing expo-image Pods/ExpoImage » [CP] Copy XCFrameworks
› Executing expo-modules-core Pods/ExpoModulesWorklets » [CP] Copy XCFrameworks
› Executing expo-font Pods/ExpoFont » [CP] Copy XCFrameworks
› Executing expo-file-system Pods/ExpoFileSystem » [CP] Copy XCFrameworks
› Compiling expo-web-browser Pods/ExpoWebBrowser » ExpoWebBrowser-dummy.m
› Compiling expo-splash-screen Pods/ExpoSplashScreen » ExpoSplashScreen-dummy.m
› Packaging expo-web-browser Pods/ExpoWebBrowser » libExpoWebBrowser.a
› Packaging expo-splash-screen Pods/ExpoSplashScreen » libExpoSplashScreen.a
› Compiling expo-secure-store Pods/ExpoSecureStore » ExpoSecureStore-dummy.m
› Compiling expo-glass-effect Pods/ExpoGlassEffect » ExpoGlassEffect-dummy.m
› Compiling expo-linear-gradient Pods/ExpoLinearGradient » ExpoLinearGradient-dummy.m
› Compiling expo-linking Pods/ExpoLinking » ExpoLinking-dummy.m
› Packaging expo-secure-store Pods/ExpoSecureStore » libExpoSecureStore.a
› Packaging expo-linear-gradient Pods/ExpoLinearGradient » libExpoLinearGradient.a
› Packaging expo-linking Pods/ExpoLinking » libExpoLinking.a
› Packaging expo-glass-effect Pods/ExpoGlassEffect » libExpoGlassEffect.a
› Executing expo-web-browser Pods/ExpoWebBrowser » Copy generated compatibility header
› Executing expo-splash-screen Pods/ExpoSplashScreen » Copy generated compatibility header
› Executing expo-secure-store Pods/ExpoSecureStore » Copy generated compatibility header
› Executing expo-constants Pods/EXConstants » [CP-User] Generate app.config for prebuilt Constants.manifest
› Packaging react-native-purchases-ui Pods/RNPaywalls » libRNPaywalls.a
› Compiling expo-keep-awake Pods/ExpoKeepAwake » ExpoKeepAwake-dummy.m
› Packaging expo-keep-awake Pods/ExpoKeepAwake » libExpoKeepAwake.a
› Compiling expo-blur Pods/ExpoBlur » ExpoBlur-dummy.m
› Compiling expo-asset Pods/ExpoAsset » ExpoAsset-dummy.m
› Packaging expo-blur Pods/ExpoBlur » libExpoBlur.a
› Packaging expo-asset Pods/ExpoAsset » libExpoAsset.a
› Executing expo-linking Pods/ExpoLinking » Copy generated compatibility header
› Executing expo-keep-awake Pods/ExpoKeepAwake » Copy generated compatibility header
› Executing expo-linear-gradient Pods/ExpoLinearGradient » Copy generated compatibility header
› Executing expo-glass-effect Pods/ExpoGlassEffect » Copy generated compatibility header
› Executing expo-blur Pods/ExpoBlur » Copy generated compatibility header
› Executing expo-asset Pods/ExpoAsset » Copy generated compatibility header
› Compiling expo-device Pods/ExpoDevice » ExpoDevice-dummy.m
› Compiling @expo/dom-webview Pods/ExpoDomWebView » ExpoDomWebView-dummy.m
› Compiling expo-clipboard Pods/ExpoClipboard » ExpoClipboard-dummy.m
› Compiling expo-router Pods/ExpoRouter » ExpoRouter-dummy.m
› Compiling expo-updates-interface Pods/EXUpdatesInterface » noop-file.m
› Compiling expo-updates-interface Pods/EXUpdatesInterface » EXUpdatesInterface-dummy.m
› Compiling expo-manifests Pods/EXManifests » EXManifests-dummy.m
› Packaging expo-device Pods/ExpoDevice » libExpoDevice.a
› Packaging @expo/dom-webview Pods/ExpoDomWebView » libExpoDomWebView.a
› Packaging expo-router Pods/ExpoRouter » libExpoRouter.a
› Packaging expo-updates-interface Pods/EXUpdatesInterface » libEXUpdatesInterface.a
› Packaging expo-clipboard Pods/ExpoClipboard » libExpoClipboard.a
› Packaging expo-manifests Pods/EXManifests » libEXManifests.a
› Compiling expo Pods/Expo » ExpoReactNativeFactory.mm
› Compiling expo Pods/Expo » EXReactRootViewFactory.mm
› Compiling expo-auth-session Pods/EXApplication » EXProvisioningProfile.m
› Compiling expo-application Pods/EXApplication » EXApplication-dummy.m
› Packaging expo-application Pods/EXApplication » libEXApplication.a
› Compiling expo-crypto Pods/ExpoCrypto » ExpoCrypto-dummy.m
› Compiling expo Pods/Expo » Expo-dummy.m
› Compiling expo-constants Pods/EXConstants » EXConstantsInstallationIdProvider.m
› Packaging expo-crypto Pods/ExpoCrypto » libExpoCrypto.a
› Executing expo-router Pods/ExpoRouter » Copy generated compatibility header
› Compiling expo-constants Pods/EXConstants » EXConstants-dummy.m
› Compiling expo-constants Pods/EXConstants » EXConstantsService.m
› Packaging expo-constants Pods/EXConstants » libEXConstants.a
› Compiling @expo/ui Pods/ExpoUI » ExpoUITouchHandlerHelper.mm
› Executing @expo/dom-webview Pods/ExpoDomWebView » Copy generated compatibility header
› Executing expo-device Pods/ExpoDevice » Copy generated compatibility header
› Executing expo-crypto Pods/ExpoCrypto » Copy generated compatibility header
› Executing expo-clipboard Pods/ExpoClipboard » Copy generated compatibility header
› Executing expo-updates-interface Pods/EXUpdatesInterface » Copy generated compatibility header
› Executing expo-manifests Pods/EXManifests » Copy generated compatibility header
› Executing expo-constants Pods/EXConstants » Copy generated compatibility header
› Executing expo-application Pods/EXApplication » Copy generated compatibility header
› Compiling @expo/ui Pods/ExpoUI » ExpoUI-dummy.m
› Compiling expo-modules-core Pods/ExpoModulesWorkletsAdapter » ExpoWorkletsBridgeProvider.mm
› Compiling expo-modules-core Pods/ExpoModulesWorkletsAdapter » ExpoModulesWorkletsAdapter-dummy.m
› Compiling expo Pods/Expo » EXLegacyAppDelegateWrapper.m
› Compiling expo Pods/Expo » EXAppDelegatesLoader.m
› Compiling expo Pods/Expo » EXAppDefinesLoader.m
› Packaging expo Pods/Expo » libExpo.a
› Packaging expo-modules-core Pods/ExpoModulesWorkletsAdapter » libExpoModulesWorkletsAdapter.a
› Packaging @expo/ui Pods/ExpoUI » libExpoUI.a
› Executing expo Pods/Expo » Copy generated compatibility header
› Executing @expo/ui Pods/ExpoUI » Copy generated compatibility header
› Compiling expo-dev-menu Pods/expo-dev-menu » expo-dev-menu-dummy.m
› Compiling expo-dev-menu Pods/expo-dev-menu » RCTKeyCommands.m
› Compiling expo-dev-menu Pods/expo-dev-menu » EXDevMenuAppInfo.m
› Packaging expo-dev-menu Pods/expo-dev-menu » libexpo-dev-menu.a
› Executing expo-dev-menu Pods/expo-dev-menu » Copy generated compatibility header
› Compiling expo-dev-launcher Pods/expo-dev-launcher » RCTPackagerConnection+EXDevLauncherPackagerConnectionInterceptor.m
› Compiling expo-dev-launcher Pods/expo-dev-launcher » expo-dev-launcher-dummy.m
› Compiling expo-dev-launcher Pods/expo-dev-launcher » EXDevLauncherEarlySetup.m
› Compiling expo-dev-launcher Pods/expo-dev-launcher » EXDevLauncherRCTDevSettings.m
› Compiling expo-dev-launcher Pods/expo-dev-launcher » EXDevLauncherUpdatesHelper.m
› Compiling expo-dev-launcher Pods/expo-dev-launcher » EXDevLauncherRedBox.m
› Compiling expo-dev-launcher Pods/expo-dev-launcher » EXDevLauncherController.m
› Compiling expo-dev-launcher Pods/expo-dev-launcher » EXDevLauncherManifestParser.m
› Compiling expo-dev-launcher Pods/expo-dev-launcher » EXDevLauncher.m
› Packaging expo-dev-launcher Pods/expo-dev-launcher » libexpo-dev-launcher.a
› Executing expo-dev-launcher Pods/expo-dev-launcher » Copy generated compatibility header
› Compiling Pods/Pods-tideline » Pods-tideline-dummy.m
› Packaging Pods/Pods-tideline » libPods-tideline.a
› Executing tideline » [CP] Check Pods Manifest.lock
› Executing tideline » [Expo] Configure project
› Copying   ./PrivacyInfo.xcprivacy ➜ ios/tideline/PrivacyInfo.xcprivacy
› Linking   tideline » __preview.dylib
› Copying   ios/tideline/Supporting/Expo.plist ➜ ./Expo.plist
› Compiling tideline » SplashScreen.storyboard
› Preparing tideline » Info.plist
› Compiling tideline » tideline_vers.c
› Linking   tideline » tideline.debug.dylib

⚠️  (ios/tideline.xcodeproj:)


ignoring duplicate libraries: '-lc++'
(warning truncated)
› Generating debug tideline » tideline.app.dSYM
› Linking   tideline » tideline
› Generating debug tideline » tideline.app.dSYM
› Executing tideline » Bundle React Native code and images
› Executing tideline » [CP] Copy Pods Resources
› Executing tideline » [Expo Dev Launcher] Strip Local Network Keys for Release
› Executing tideline » [CP] Embed Pods Frameworks
› Signing   tideline » tideline.debug.dylib
› Signing   tideline » __preview.dylib
› Signing   tideline » tideline.app
› Creating  tideline » tideline.app
⚠️  Script has ambiguous dependencies causing it to run on every build.
   To fix, go to: Xcode » tideline/tideline » Build Phases » '[Expo Dev Launcher] Strip Local Network Keys for Release'
   Either: Uncheck "Based on dependency analysis", or select output files to trigger the script

› Build Succeeded

› 0 error(s), and 2 warning(s)

Waiting on http://localhost:8081
› Installing /Users/admin/Library/Developer/Xcode/DerivedData/tideline-ghgjzfdkkliyisfgngepnegoxjnu/Build/Products/Debug-iphonesimulator/tideline.app
› Installing on iPhone 17 Pro
› Opening on iPhone 17 Pro (com.tideline.vici)
› Opening exp+tideline://expo-development-client/?url=http%3A%2F%2F10.73.26.43%3A8081 on iPhone 17 Pro
Error: osascript -e tell app "System Events" to count processes whose name is "Simulator" exited with non-zero code: 1
Error: osascript -e tell app "System Events" to count processes whose name is "Simulator" exited with non-zero code: 1
    at ChildProcess.completionListener (/Users/admin/Documents/tideline/node_modules/@expo/spawn-async/build/spawnAsync.js:113:23)
    at Object.onceWrapper (node:events:623:12)
    at ChildProcess.emit (node:events:508:20)
    at maybeClose (node:internal/child_process:1108:16)
    at Socket.<anonymous> (node:internal/child_process:480:11)
    at Socket.emit (node:events:508:20)
    at Pipe.<anonymous> (node:net:350:12)
    ...
    at spawnAsync (/Users/admin/Documents/tideline/node_modules/@expo/spawn-async/build/spawnAsync.js:9:23)
    at osascriptSpawnAsync (/Users/admin/Documents/tideline/node_modules/@expo/osascript/build/index.js:45:44)
    at Object.osascriptExecAsync [as execAsync] (/Users/admin/Documents/tideline/node_modules/@expo/osascript/build/index.js:195:19)
    at isSimulatorAppRunningAsync (/Users/admin/Documents/tideline/node_modules/expo/node_modules/@expo/cli/build/src/start/platforms/ios/ensureSimulatorAppRunning.js:98:49)
    at ensureSimulatorAppRunningAsync (/Users/admin/Documents/tideline/node_modules/expo/node_modules/@expo/cli/build/src/start/platforms/ios/ensureSimulatorAppRunning.js:75:15)
    at AppleDeviceManager.activateWindowAsync (/Users/admin/Documents/tideline/node_modules/expo/node_modules/@expo/cli/build/src/start/platforms/ios/AppleDeviceManager.js:271:77)
    at ApplePlatformManager.openProjectInCustomRuntimeAsync (/Users/admin/Documents/tideline/node_modules/expo/node_modules/@expo/cli/build/src/start/platforms/PlatformManager.js:113:29)
    at async launchAppAsync (/Users/admin/Documents/tideline/node_modules/expo/node_modules/@expo/cli/build/src/run/ios/launchApp.js:115:5)
    at async runIosAsync (/Users/admin/Documents/tideline/node_modules/expo/node_modules/@expo/cli/build/src/run/ios/runIosAsync.js:251:5)
