env: load .env.local
env: export CONVEX_DEPLOYMENT EXPO_PUBLIC_CLERK_PUBLISHABLE_KEY EXPO_PUBLIC_CONVEX_SITE_URL EXPO_PUBLIC_CONVEX_URL EXPO_PUBLIC_REVENUECAT_KEY
- Installing CocoaPods...
⚠️  Something went wrong running `pod install` in the `ios` directory.
Command `pod install` failed.
└─ Cause: pod install --repo-update --ansi exited with non-zero code: 1
[33mWARNING: CocoaPods requires your terminal to be using UTF-8 encoding.
    Consider adding the following to ~/.profile:

    export LANG=en_US.UTF-8
    [0m
/opt/homebrew/Cellar/ruby/4.0.6_1/lib/ruby/4.0.0/unicode_normalize/normalize.rb:153:in 'UnicodeNormalize.normalize': Unicode Normalization not appropriate for ASCII-8BIT (Encoding::CompatibilityError)
	from /opt/homebrew/Cellar/cocoapods/1.17.0/libexec/gems/cocoapods-1.17.0/lib/cocoapods/config.rb:167:in 'String#unicode_normalize'
	from /opt/homebrew/Cellar/cocoapods/1.17.0/libexec/gems/cocoapods-1.17.0/lib/cocoapods/config.rb:167:in 'Pod::Config#installation_root'
	from /opt/homebrew/Cellar/cocoapods/1.17.0/libexec/gems/cocoapods-1.17.0/lib/cocoapods/config.rb:227:in 'Pod::Config#podfile_path'
	from /opt/homebrew/Cellar/cocoapods/1.17.0/libexec/gems/cocoapods-1.17.0/lib/cocoapods/user_interface/error_report.rb:105:in 'Pod::UserInterface::ErrorReport.markdown_podfile'
	from /opt/homebrew/Cellar/cocoapods/1.17.0/libexec/gems/cocoapods-1.17.0/lib/cocoapods/user_interface/error_report.rb:30:in 'Pod::UserInterface::ErrorReport.report'
	from /opt/homebrew/Cellar/cocoapods/1.17.0/libexec/gems/cocoapods-1.17.0/lib/cocoapods/command.rb:66:in 'Pod::Command.report_error'
	from /opt/homebrew/Cellar/cocoapods/1.17.0/libexec/gems/claide-1.1.0/lib/claide/command.rb:396:in 'CLAide::Command.handle_exception'
	from /opt/homebrew/Cellar/cocoapods/1.17.0/libexec/gems/claide-1.1.0/lib/claide/command.rb:337:in 'CLAide::Command.run'
	from /opt/homebrew/Cellar/cocoapods/1.17.0/libexec/gems/cocoapods-1.17.0/lib/cocoapods/command.rb:52:in 'Pod::Command.run'
	from /opt/homebrew/Cellar/cocoapods/1.17.0/libexec/gems/cocoapods-1.17.0/bin/pod:55:in '<top (required)>'
	from /opt/homebrew/Cellar/ruby/4.0.6_1/lib/ruby/4.0.0/rubygems.rb:305:in 'Kernel#load'
	from /opt/homebrew/Cellar/ruby/4.0.6_1/lib/ruby/4.0.0/rubygems.rb:305:in 'Gem.activate_and_load_bin_path'
	from /opt/homebrew/Cellar/cocoapods/1.17.0/libexec/bin/pod:25:in '<main>'
/opt/homebrew/Cellar/ruby/4.0.6_1/lib/ruby/4.0.0/unicode_normalize/normalize.rb:153:in 'UnicodeNormalize.normalize': Unicode Normalization not appropriate for ASCII-8BIT (Encoding::CompatibilityError)
	from /opt/homebrew/Cellar/cocoapods/1.17.0/libexec/gems/cocoapods-1.17.0/lib/cocoapods/config.rb:167:in 'String#unicode_normalize'
	from /opt/homebrew/Cellar/cocoapods/1.17.0/libexec/gems/cocoapods-1.17.0/lib/cocoapods/config.rb:167:in 'Pod::Config#installation_root'
	from /opt/homebrew/Cellar/cocoapods/1.17.0/libexec/gems/cocoapods-1.17.0/lib/cocoapods/config.rb:227:in 'Pod::Config#podfile_path'
	from /opt/homebrew/Cellar/cocoapods/1.17.0/libexec/gems/cocoapods-1.17.0/lib/cocoapods/config.rb:206:in 'Pod::Config#podfile'
	from /opt/homebrew/Cellar/cocoapods/1.17.0/libexec/gems/cocoapods-1.17.0/lib/cocoapods/command.rb:160:in 'Pod::Command#verify_podfile_exists!'
	from /opt/homebrew/Cellar/cocoapods/1.17.0/libexec/gems/cocoapods-1.17.0/lib/cocoapods/command/install.rb:46:in 'Pod::Command::Install#run'
	from /opt/homebrew/Cellar/cocoapods/1.17.0/libexec/gems/claide-1.1.0/lib/claide/command.rb:334:in 'CLAide::Command.run'
	from /opt/homebrew/Cellar/cocoapods/1.17.0/libexec/gems/cocoapods-1.17.0/lib/cocoapods/command.rb:52:in 'Pod::Command.run'
	from /opt/homebrew/Cellar/cocoapods/1.17.0/libexec/gems/cocoapods-1.17.0/bin/pod:55:in '<top (required)>'
	from /opt/homebrew/Cellar/ruby/4.0.6_1/lib/ruby/4.0.0/rubygems.rb:305:in 'Kernel#load'
	from /opt/homebrew/Cellar/ruby/4.0.6_1/lib/ruby/4.0.0/rubygems.rb:305:in 'Gem.activate_and_load_bin_path'
	from /opt/homebrew/Cellar/cocoapods/1.17.0/libexec/bin/pod:25:in '<main>'
