Slip Entry	--- 18 design rows, 25 app rows; 6 differing, 0 missing, 5 extra, 0 sub-0.25pt rounding, 5 radius-notation only (D015), 1 paint-absent-geometry-exact (CSS box drawn as SVG — CONFIRM IN THE PNG) (use --all to list extras)
Slip Close It	--- 18 design rows, 25 app rows; 7 differing, 0 missing, 4 extra, 0 sub-0.25pt rounding, 6 radius-notation only (D015), 1 paint-absent-geometry-exact (CSS box drawn as SVG — CONFIRM IN THE PNG) (use --all to list extras)
Slip When	--- 51 design rows, 82 app rows; 23 differing, 5 missing, 33 extra, 0 sub-0.25pt rounding, 1 paint-absent-geometry-exact (CSS box drawn as SVG — CONFIRM IN THE PNG) (use --all to list extras)
Slip Fed	--- 72 design rows, 78 app rows; 10 differing, 0 missing, 3 extra, 0 sub-0.25pt rounding, 9 radius-notation only (D015), 1 paint-absent-geometry-exact (CSS box drawn as SVG — CONFIRM IN THE PNG) (use --all to list extras)
Slip Logged	--- 30 design rows, 37 app rows; 4 differing, 0 missing, 5 extra, 0 sub-0.25pt rounding, 2 radius-notation only (D015), 2 paint-absent-geometry-exact (CSS box drawn as SVG — CONFIRM IN THE PNG) (use --all to list extras)
Slip Urge Now	--- 20 design rows, 24 app rows; 4 differing, 0 missing, 2 extra, 0 sub-0.25pt rounding, 4 radius-notation only (D015) (use --all to list extras)
Slip Dont Fail Twice	--- 18 design rows, 25 app rows; 5 differing, 0 missing, 5 extra, 0 sub-0.25pt rounding, 3 radius-notation only (D015), 2 paint-absent-geometry-exact (CSS box drawn as SVG — CONFIRM IN THE PNG) (use --all to list extras)
Slip Stop Here	--- 18 design rows, 24 app rows; 5 differing, 0 missing, 4 extra, 0 sub-0.25pt rounding, 4 radius-notation only (D015), 1 paint-absent-geometry-exact (CSS box drawn as SVG — CONFIRM IN THE PNG) (use --all to list extras)
Slip Third	--- 20 design rows, 25 app rows; 6 differing, 0 missing, 3 extra, 0 sub-0.25pt rounding, 6 radius-notation only (D015) (use --all to list extras)
Slip Feel Bored	--- 17 design rows, 24 app rows; 3 differing, 0 missing, 5 extra, 0 sub-0.25pt rounding, 2 radius-notation only (D015), 1 paint-absent-geometry-exact (CSS box drawn as SVG — CONFIRM IN THE PNG) (use --all to list extras)
Slip Feel Ashamed	--- 19 design rows, 26 app rows; 5 differing, 0 missing, 5 extra, 0 sub-0.25pt rounding, 4 radius-notation only (D015), 1 paint-absent-geometry-exact (CSS box drawn as SVG — CONFIRM IN THE PNG) (use --all to list extras)
Slip Feel Lonely	--- 18 design rows, 25 app rows; 4 differing, 0 missing, 5 extra, 0 sub-0.25pt rounding, 3 radius-notation only (D015), 1 paint-absent-geometry-exact (CSS box drawn as SVG — CONFIRM IN THE PNG) (use --all to list extras)
Slip Feel Stressed	--- 18 design rows, 25 app rows; 3 differing, 0 missing, 5 extra, 0 sub-0.25pt rounding, 2 radius-notation only (D015), 1 paint-absent-geometry-exact (CSS box drawn as SVG — CONFIRM IN THE PNG) (use --all to list extras)
Slip Feel Rejected	--- 20 design rows, 27 app rows; 5 differing, 0 missing, 5 extra, 0 sub-0.25pt rounding, 4 radius-notation only (D015), 1 paint-absent-geometry-exact (CSS box drawn as SVG — CONFIRM IN THE PNG) (use --all to list extras)
Slip Feel Tired	--- 20 design rows, 27 app rows; 6 differing, 0 missing, 5 extra, 0 sub-0.25pt rounding, 5 radius-notation only (D015), 1 paint-absent-geometry-exact (CSS box drawn as SVG — CONFIRM IN THE PNG) (use --all to list extras)
Slip Feel Turned on	--- 17 design rows, 28 app rows; 7 differing, 0 missing, 5 extra, 0 sub-0.25pt rounding, 4 radius-notation only (D015), 3 paint-absent-geometry-exact (CSS box drawn as SVG — CONFIRM IN THE PNG) (use --all to list extras)
Slip Feel Not sure	--- 19 design rows, 26 app rows; 9 differing, 0 missing, 5 extra, 0 sub-0.25pt rounding, 8 radius-notation only (D015), 1 paint-absent-geometry-exact (CSS box drawn as SVG — CONFIRM IN THE PNG) (use --all to list extras)
Slip Trigger Late night	--- 18 design rows, 25 app rows; 6 differing, 0 missing, 5 extra, 0 sub-0.25pt rounding, 5 radius-notation only (D015), 1 paint-absent-geometry-exact (CSS box drawn as SVG — CONFIRM IN THE PNG) (use --all to list extras)
Slip Trigger Scrolling	--- 19 design rows, 27 app rows; 7 differing, 0 missing, 5 extra, 0 sub-0.25pt rounding, 6 radius-notation only (D015), 1 paint-absent-geometry-exact (CSS box drawn as SVG — CONFIRM IN THE PNG) (use --all to list extras)
Slip Trigger Sexual content	--- 20 design rows, 27 app rows; 5 differing, 0 missing, 5 extra, 0 sub-0.25pt rounding, 4 radius-notation only (D015), 1 paint-absent-geometry-exact (CSS box drawn as SVG — CONFIRM IN THE PNG) (use --all to list extras)
Slip Trigger Boredom	--- 17 design rows, 24 app rows; 3 differing, 0 missing, 5 extra, 0 sub-0.25pt rounding, 2 radius-notation only (D015), 1 paint-absent-geometry-exact (CSS box drawn as SVG — CONFIRM IN THE PNG) (use --all to list extras)
Slip Trigger Loneliness	--- 18 design rows, 25 app rows; 4 differing, 0 missing, 5 extra, 0 sub-0.25pt rounding, 3 radius-notation only (D015), 1 paint-absent-geometry-exact (CSS box drawn as SVG — CONFIRM IN THE PNG) (use --all to list extras)
Slip Trigger Stress	--- 18 design rows, 25 app rows; 3 differing, 0 missing, 5 extra, 0 sub-0.25pt rounding, 2 radius-notation only (D015), 1 paint-absent-geometry-exact (CSS box drawn as SVG — CONFIRM IN THE PNG) (use --all to list extras)
Slip Trigger Argument	--- 18 design rows, 25 app rows; 4 differing, 0 missing, 5 extra, 0 sub-0.25pt rounding, 3 radius-notation only (D015), 1 paint-absent-geometry-exact (CSS box drawn as SVG — CONFIRM IN THE PNG) (use --all to list extras)
Slip Trigger Couldn’t sleep	--- 20 design rows, 27 app rows; 6 differing, 0 missing, 5 extra, 0 sub-0.25pt rounding, 5 radius-notation only (D015), 1 paint-absent-geometry-exact (CSS box drawn as SVG — CONFIRM IN THE PNG) (use --all to list extras)
Slip Trigger Being alone	--- 17 design rows, 25 app rows; 4 differing, 0 missing, 5 extra, 0 sub-0.25pt rounding, 3 radius-notation only (D015), 1 paint-absent-geometry-exact (CSS box drawn as SVG — CONFIRM IN THE PNG) (use --all to list extras)
Slip Trigger Habit	--- 20 design rows, 27 app rows; 10 differing, 0 missing, 5 extra, 0 sub-0.25pt rounding, 9 radius-notation only (D015), 1 paint-absent-geometry-exact (CSS box drawn as SVG — CONFIRM IN THE PNG) (use --all to list extras)
Slip Trigger Not sure	--- 19 design rows, 26 app rows; 9 differing, 0 missing, 5 extra, 0 sub-0.25pt rounding, 8 radius-notation only (D015), 1 paint-absent-geometry-exact (CSS box drawn as SVG — CONFIRM IN THE PNG) (use --all to list extras)
Slip Pledge	--- 21 design rows, 30 app rows; 4 differing, 1 missing, 4 extra, 0 sub-0.25pt rounding, 2 radius-notation only (D015), 2 paint-absent-geometry-exact (CSS box drawn as SVG — CONFIRM IN THE PNG) (use --all to list extras)
Slip Begin Again	--- 9 design rows, 19 app rows; 3 differing, 0 missing, 3 extra, 0 sub-0.25pt rounding, 2 radius-notation only (D015) (use --all to list extras)
Slip Morning After	--- 18 design rows, 29 app rows; 6 differing, 0 missing, 5 extra, 0 sub-0.25pt rounding, 3 radius-notation only (D015), 3 paint-absent-geometry-exact (CSS box drawn as SVG — CONFIRM IN THE PNG) (use --all to list extras)
